Archive member included to satisfy reference by file (symbol)

c:/dev/dev_tools/gcc-arm-none-eabi-10.3-2021.10/bin/../lib/gcc/arm-none-eabi/10.3.1/../../../../arm-none-eabi/lib/thumb/v7e-m+fp/hard\libc_nano.a(lib_a-exit.o)
                              c:/dev/dev_tools/gcc-arm-none-eabi-10.3-2021.10/bin/../lib/gcc/arm-none-eabi/10.3.1/../../../../arm-none-eabi/lib/thumb/v7e-m+fp/hard/crt0.o (exit)
c:/dev/dev_tools/gcc-arm-none-eabi-10.3-2021.10/bin/../lib/gcc/arm-none-eabi/10.3.1/../../../../arm-none-eabi/lib/thumb/v7e-m+fp/hard\libc_nano.a(lib_a-impure.o)
                              c:/dev/dev_tools/gcc-arm-none-eabi-10.3-2021.10/bin/../lib/gcc/arm-none-eabi/10.3.1/../../../../arm-none-eabi/lib/thumb/v7e-m+fp/hard\libc_nano.a(lib_a-exit.o) (_global_impure_ptr)
c:/dev/dev_tools/gcc-arm-none-eabi-10.3-2021.10/bin/../lib/gcc/arm-none-eabi/10.3.1/../../../../arm-none-eabi/lib/thumb/v7e-m+fp/hard\libc_nano.a(lib_a-init.o)
                              c:/dev/dev_tools/gcc-arm-none-eabi-10.3-2021.10/bin/../lib/gcc/arm-none-eabi/10.3.1/../../../../arm-none-eabi/lib/thumb/v7e-m+fp/hard/crt0.o (__libc_init_array)
c:/dev/dev_tools/gcc-arm-none-eabi-10.3-2021.10/bin/../lib/gcc/arm-none-eabi/10.3.1/../../../../arm-none-eabi/lib/thumb/v7e-m+fp/hard\libc_nano.a(lib_a-memcpy-stub.o)
                              build/main.o (memcpy)
c:/dev/dev_tools/gcc-arm-none-eabi-10.3-2021.10/bin/../lib/gcc/arm-none-eabi/10.3.1/../../../../arm-none-eabi/lib/thumb/v7e-m+fp/hard\libc_nano.a(lib_a-memset.o)
                              c:/dev/dev_tools/gcc-arm-none-eabi-10.3-2021.10/bin/../lib/gcc/arm-none-eabi/10.3.1/../../../../arm-none-eabi/lib/thumb/v7e-m+fp/hard/crt0.o (memset)
c:/dev/dev_tools/gcc-arm-none-eabi-10.3-2021.10/bin/../lib/gcc/arm-none-eabi/10.3.1/../../../../arm-none-eabi/lib/thumb/v7e-m+fp/hard\libc_nano.a(lib_a-sprintf.o)
                              build/main.o (sprintf)
c:/dev/dev_tools/gcc-arm-none-eabi-10.3-2021.10/bin/../lib/gcc/arm-none-eabi/10.3.1/../../../../arm-none-eabi/lib/thumb/v7e-m+fp/hard\libc_nano.a(lib_a-nano-svfprintf.o)
                              c:/dev/dev_tools/gcc-arm-none-eabi-10.3-2021.10/bin/../lib/gcc/arm-none-eabi/10.3.1/../../../../arm-none-eabi/lib/thumb/v7e-m+fp/hard\libc_nano.a(lib_a-sprintf.o) (_svfprintf_r)
c:/dev/dev_tools/gcc-arm-none-eabi-10.3-2021.10/bin/../lib/gcc/arm-none-eabi/10.3.1/../../../../arm-none-eabi/lib/thumb/v7e-m+fp/hard\libc_nano.a(lib_a-nano-vfprintf_i.o)
                              c:/dev/dev_tools/gcc-arm-none-eabi-10.3-2021.10/bin/../lib/gcc/arm-none-eabi/10.3.1/../../../../arm-none-eabi/lib/thumb/v7e-m+fp/hard\libc_nano.a(lib_a-nano-svfprintf.o) (_printf_i)
c:/dev/dev_tools/gcc-arm-none-eabi-10.3-2021.10/bin/../lib/gcc/arm-none-eabi/10.3.1/../../../../arm-none-eabi/lib/thumb/v7e-m+fp/hard\libc_nano.a(lib_a-memchr.o)
                              c:/dev/dev_tools/gcc-arm-none-eabi-10.3-2021.10/bin/../lib/gcc/arm-none-eabi/10.3.1/../../../../arm-none-eabi/lib/thumb/v7e-m+fp/hard\libc_nano.a(lib_a-nano-svfprintf.o) (memchr)
c:/dev/dev_tools/gcc-arm-none-eabi-10.3-2021.10/bin/../lib/gcc/arm-none-eabi/10.3.1/../../../../arm-none-eabi/lib/thumb/v7e-m+fp/hard\libc_nano.a(lib_a-memmove.o)
                              c:/dev/dev_tools/gcc-arm-none-eabi-10.3-2021.10/bin/../lib/gcc/arm-none-eabi/10.3.1/../../../../arm-none-eabi/lib/thumb/v7e-m+fp/hard\libc_nano.a(lib_a-nano-svfprintf.o) (memmove)
c:/dev/dev_tools/gcc-arm-none-eabi-10.3-2021.10/bin/../lib/gcc/arm-none-eabi/10.3.1/../../../../arm-none-eabi/lib/thumb/v7e-m+fp/hard\libc_nano.a(lib_a-nano-freer.o)
                              c:/dev/dev_tools/gcc-arm-none-eabi-10.3-2021.10/bin/../lib/gcc/arm-none-eabi/10.3.1/../../../../arm-none-eabi/lib/thumb/v7e-m+fp/hard\libc_nano.a(lib_a-nano-svfprintf.o) (_free_r)
c:/dev/dev_tools/gcc-arm-none-eabi-10.3-2021.10/bin/../lib/gcc/arm-none-eabi/10.3.1/../../../../arm-none-eabi/lib/thumb/v7e-m+fp/hard\libc_nano.a(lib_a-nano-mallocr.o)
                              c:/dev/dev_tools/gcc-arm-none-eabi-10.3-2021.10/bin/../lib/gcc/arm-none-eabi/10.3.1/../../../../arm-none-eabi/lib/thumb/v7e-m+fp/hard\libc_nano.a(lib_a-nano-svfprintf.o) (_malloc_r)
c:/dev/dev_tools/gcc-arm-none-eabi-10.3-2021.10/bin/../lib/gcc/arm-none-eabi/10.3.1/../../../../arm-none-eabi/lib/thumb/v7e-m+fp/hard\libc_nano.a(lib_a-nano-reallocr.o)
                              c:/dev/dev_tools/gcc-arm-none-eabi-10.3-2021.10/bin/../lib/gcc/arm-none-eabi/10.3.1/../../../../arm-none-eabi/lib/thumb/v7e-m+fp/hard\libc_nano.a(lib_a-nano-svfprintf.o) (_realloc_r)
c:/dev/dev_tools/gcc-arm-none-eabi-10.3-2021.10/bin/../lib/gcc/arm-none-eabi/10.3.1/../../../../arm-none-eabi/lib/thumb/v7e-m+fp/hard\libc_nano.a(lib_a-sbrkr.o)
                              c:/dev/dev_tools/gcc-arm-none-eabi-10.3-2021.10/bin/../lib/gcc/arm-none-eabi/10.3.1/../../../../arm-none-eabi/lib/thumb/v7e-m+fp/hard\libc_nano.a(lib_a-nano-mallocr.o) (_sbrk_r)
[...]
Memory Configuration

Name             Origin             Length             Attributes
RAM              0x20000000         0x0000a000         xrw
CCMRAM           0x10000000         0x00002000         xrw
FLASH            0x08000000         0x00040000         xr
*default*        0x00000000         0xffffffff

Linker script and memory map

LOAD c:/dev/dev_tools/gcc-arm-none-eabi-10.3-2021.10/bin/../lib/gcc/arm-none-eabi/10.3.1/thumb/v7e-m+fp/hard/crti.o
LOAD c:/dev/dev_tools/gcc-arm-none-eabi-10.3-2021.10/bin/../lib/gcc/arm-none-eabi/10.3.1/thumb/v7e-m+fp/hard/crtbegin.o
LOAD c:/dev/dev_tools/gcc-arm-none-eabi-10.3-2021.10/bin/../lib/gcc/arm-none-eabi/10.3.1/../../../../arm-none-eabi/lib/thumb/v7e-m+fp/hard/crt0.o
LOAD build/adc.o
LOAD build/dma.o
LOAD build/gpio.o
LOAD build/main.o
LOAD build/stm32f3xx_hal_msp.o
LOAD build/stm32f3xx_it.o
LOAD build/system_stm32f3xx.o
LOAD build/tim.o
LOAD build/usart.o
LOAD build/stm32f3xx_hal.o
LOAD build/stm32f3xx_hal_adc.o
LOAD build/stm32f3xx_hal_adc_ex.o
LOAD build/stm32f3xx_hal_cortex.o
LOAD build/stm32f3xx_hal_dma.o
LOAD build/stm32f3xx_hal_exti.o
LOAD build/stm32f3xx_hal_flash.o
LOAD build/stm32f3xx_hal_flash_ex.o
LOAD build/stm32f3xx_hal_gpio.o
LOAD build/stm32f3xx_hal_i2c.o
LOAD build/stm32f3xx_hal_i2c_ex.o
LOAD build/stm32f3xx_hal_pwr.o
LOAD build/stm32f3xx_hal_pwr_ex.o
LOAD build/stm32f3xx_hal_rcc.o
LOAD build/stm32f3xx_hal_rcc_ex.o
LOAD build/stm32f3xx_hal_tim.o
LOAD build/stm32f3xx_hal_tim_ex.o
LOAD build/stm32f3xx_hal_uart.o
LOAD build/stm32f3xx_hal_uart_ex.o
LOAD build/startup_stm32f303xc.o
LOAD c:/dev/dev_tools/gcc-arm-none-eabi-10.3-2021.10/bin/../lib/gcc/arm-none-eabi/10.3.1/../../../../arm-none-eabi/lib/thumb/v7e-m+fp/hard\libc_nano.a
LOAD c:/dev/dev_tools/gcc-arm-none-eabi-10.3-2021.10/bin/../lib/gcc/arm-none-eabi/10.3.1/../../../../arm-none-eabi/lib/thumb/v7e-m+fp/hard\libm.a
LOAD c:/dev/dev_tools/gcc-arm-none-eabi-10.3-2021.10/bin/../lib/gcc/arm-none-eabi/10.3.1/../../../../arm-none-eabi/lib/thumb/v7e-m+fp/hard\libnosys.a
START GROUP
LOAD c:/dev/dev_tools/gcc-arm-none-eabi-10.3-2021.10/bin/../lib/gcc/arm-none-eabi/10.3.1/thumb/v7e-m+fp/hard\libgcc.a
LOAD c:/dev/dev_tools/gcc-arm-none-eabi-10.3-2021.10/bin/../lib/gcc/arm-none-eabi/10.3.1/../../../../arm-none-eabi/lib/thumb/v7e-m+fp/hard\libc_nano.a
END GROUP
START GROUP
LOAD c:/dev/dev_tools/gcc-arm-none-eabi-10.3-2021.10/bin/../lib/gcc/arm-none-eabi/10.3.1/thumb/v7e-m+fp/hard\libgcc.a
LOAD c:/dev/dev_tools/gcc-arm-none-eabi-10.3-2021.10/bin/../lib/gcc/arm-none-eabi/10.3.1/../../../../arm-none-eabi/lib/thumb/v7e-m+fp/hard\libc_nano.a
END GROUP
LOAD c:/dev/dev_tools/gcc-arm-none-eabi-10.3-2021.10/bin/../lib/gcc/arm-none-eabi/10.3.1/thumb/v7e-m+fp/hard/crtend.o
LOAD c:/dev/dev_tools/gcc-arm-none-eabi-10.3-2021.10/bin/../lib/gcc/arm-none-eabi/10.3.1/thumb/v7e-m+fp/hard/crtn.o
                0x2000a000                _estack = (ORIGIN (RAM) + LENGTH (RAM))
                0x00000200                _Min_Heap_Size = 0x200
                0x00000400                _Min_Stack_Size = 0x400

.isr_vector     0x08000000      0x188
                0x08000000                . = ALIGN (0x4)
 *(.isr_vector)
 .isr_vector    0x08000000      0x188 build/startup_stm32f303xc.o
                0x08000000                g_pfnVectors
                0x08000188                . = ALIGN (0x4)

.text           0x08000190     0x41d4
                0x08000190                . = ALIGN (0x4)
 *(.text)
 .text          0x08000190       0x40 c:/dev/dev_tools/gcc-arm-none-eabi-10.3-2021.10/bin/../lib/gcc/arm-none-eabi/10.3.1/thumb/v7e-m+fp/hard/crtbegin.o
 .text          0x080001d0       0xa0 c:/dev/dev_tools/gcc-arm-none-eabi-10.3-2021.10/bin/../lib/gcc/arm-none-eabi/10.3.1/../../../../arm-none-eabi/lib/thumb/v7e-m+fp/hard\libc_nano.a(lib_a-memchr.o)
                0x080001d0                memchr
 .text          0x08000270      0x254 c:/dev/dev_tools/gcc-arm-none-eabi-10.3-2021.10/bin/../lib/gcc/arm-none-eabi/10.3.1/thumb/v7e-m+fp/hard\libgcc.a(_arm_muldf3.o)
                0x08000270                __muldf3
                0x08000270                __aeabi_dmul
 .text          0x080004c4      0x378 c:/dev/dev_tools/gcc-arm-none-eabi-10.3-2021.10/bin/../lib/gcc/arm-none-eabi/10.3.1/thumb/v7e-m+fp/hard\libgcc.a(_arm_addsubdf3.o)
                0x080004c4                __aeabi_drsub
                0x080004cc                __aeabi_dsub
                0x080004cc                __subdf3
                0x080004d0                __aeabi_dadd
                0x080004d0                __adddf3
                0x08000748                __floatunsidf
                0x08000748                __aeabi_ui2d
                0x08000768                __floatsidf
                0x08000768                __aeabi_i2d
                0x0800078c                __aeabi_f2d
                0x0800078c                __extendsfdf2
                0x080007d0                __floatundidf
                0x080007d0                __aeabi_ul2d
                0x080007e0                __floatdidf
                0x080007e0                __aeabi_l2d
 .text          0x0800083c       0x40 c:/dev/dev_tools/gcc-arm-none-eabi-10.3-2021.10/bin/../lib/gcc/arm-none-eabi/10.3.1/thumb/v7e-m+fp/hard\libgcc.a(_arm_fixunsdfsi.o)
                0x0800083c                __aeabi_d2uiz
                0x0800083c                __fixunsdfsi
 *(.text*)
 .text.MX_ADC1_Init
                0x0800087c      0x148 build/adc.o
                0x0800087c                MX_ADC1_Init
 .text.HAL_ADC_MspInit
                0x080009c4       0xe8 build/adc.o
                0x080009c4                HAL_ADC_MspInit
 .text.MX_DMA_Init
                0x08000aac       0x64 build/dma.o
                0x08000aac                MX_DMA_Init
 .text.MX_GPIO_Init
                0x08000b10       0x8c build/gpio.o
                0x08000b10                MX_GPIO_Init
 *fill*         0x08000b9c        0x4 
 .text.HAL_ADC_ConvCpltCallback
                0x08000ba0      0x160 build/main.o
                0x08000ba0                HAL_ADC_ConvCpltCallback
 .text.HAL_UART_TxCpltCallback
                0x08000d00       0x18 build/main.o
                0x08000d00                HAL_UART_TxCpltCallback
 .text.Error_Handler
                0x08000d18        0x4 build/main.o
                0x08000d18                Error_Handler
 .text.SystemClock_Config
                0x08000d1c       0x8a build/main.o
                0x08000d1c                SystemClock_Config
 *fill*         0x08000da6        0x2 
 .text.main     0x08000da8      0x10c build/main.o
                0x08000da8                main
 .text.HAL_MspInit
                0x08000eb4       0x3c build/stm32f3xx_hal_msp.o
                0x08000eb4                HAL_MspInit
 .text.NMI_Handler
                0x08000ef0        0x2 build/stm32f3xx_it.o
                0x08000ef0                NMI_Handler
 .text.HardFault_Handler
                0x08000ef2        0x2 build/stm32f3xx_it.o
                0x08000ef2                HardFault_Handler
 .text.MemManage_Handler
                0x08000ef4        0x2 build/stm32f3xx_it.o
                0x08000ef4                MemManage_Handler
 .text.BusFault_Handler
                0x08000ef6        0x2 build/stm32f3xx_it.o
                0x08000ef6                BusFault_Handler
 .text.UsageFault_Handler
                0x08000ef8        0x2 build/stm32f3xx_it.o
                0x08000ef8                UsageFault_Handler
 .text.SVC_Handler
                0x08000efa        0x2 build/stm32f3xx_it.o
                0x08000efa                SVC_Handler
 .text.DebugMon_Handler
                0x08000efc        0x2 build/stm32f3xx_it.o
                0x08000efc                DebugMon_Handler
 .text.PendSV_Handler
                0x08000efe        0x2 build/stm32f3xx_it.o
                0x08000efe                PendSV_Handler
 .text.SysTick_Handler
                0x08000f00        0x8 build/stm32f3xx_it.o
                0x08000f00                SysTick_Handler
 .text.DMA1_Channel1_IRQHandler
                0x08000f08       0x10 build/stm32f3xx_it.o
                0x08000f08                DMA1_Channel1_IRQHandler
 .text.UART4_IRQHandler
                0x08000f18       0x10 build/stm32f3xx_it.o
                0x08000f18                UART4_IRQHandler
 .text.DMA2_Channel3_IRQHandler
                0x08000f28       0x10 build/stm32f3xx_it.o
                0x08000f28                DMA2_Channel3_IRQHandler
 .text.DMA2_Channel5_IRQHandler
                0x08000f38       0x10 build/stm32f3xx_it.o
                0x08000f38                DMA2_Channel5_IRQHandler
 .text.SystemInit
                0x08000f48       0x14 build/system_stm32f3xx.o
                0x08000f48                SystemInit
 .text.MX_TIM16_Init
                0x08000f5c       0x38 build/tim.o
                0x08000f5c                MX_TIM16_Init
 .text.HAL_TIM_Base_MspInit
                0x08000f94       0x2c build/tim.o
                0x08000f94                HAL_TIM_Base_MspInit
 .text.MX_UART4_Init
                0x08000fc0       0x38 build/usart.o
                0x08000fc0                MX_UART4_Init
 .text.HAL_UART_MspInit
                0x08000ff8       0xe8 build/usart.o
                0x08000ff8                HAL_UART_MspInit
 .text.HAL_InitTick
                0x080010e0       0x4c build/stm32f3xx_hal.o
                0x080010e0                HAL_InitTick
 .text.HAL_Init
                0x0800112c       0x24 build/stm32f3xx_hal.o
                0x0800112c                HAL_Init
 .text.HAL_IncTick
                0x08001150       0x18 build/stm32f3xx_hal.o
                0x08001150                HAL_IncTick
 .text.HAL_GetTick
                0x08001168        0xc build/stm32f3xx_hal.o
                0x08001168                HAL_GetTick
 .text.HAL_ADC_ConvHalfCpltCallback
                0x08001174        0x2 build/stm32f3xx_hal_adc.o
                0x08001174                HAL_ADC_ConvHalfCpltCallback
 .text.HAL_ADC_ErrorCallback
                0x08001176        0x2 build/stm32f3xx_hal_adc.o
                0x08001176                HAL_ADC_ErrorCallback
 .text.ADC_Disable
                0x08001178       0x88 build/stm32f3xx_hal_adc_ex.o
 .text.ADC_Enable
                0x08001200       0x80 build/stm32f3xx_hal_adc_ex.o
 .text.ADC_DMAError
                0x08001280       0x1a build/stm32f3xx_hal_adc_ex.o
 .text.ADC_DMAHalfConvCplt
                0x0800129a        0xa build/stm32f3xx_hal_adc_ex.o
 .text.ADC_DMAConvCplt
                0x080012a4       0x4a build/stm32f3xx_hal_adc_ex.o
 *fill*         0x080012ee        0x2 
 .text.HAL_ADC_Init
                0x080012f0      0x290 build/stm32f3xx_hal_adc_ex.o
                0x080012f0                HAL_ADC_Init
 .text.HAL_ADC_Start
                0x08001580      0x180 build/stm32f3xx_hal_adc_ex.o
                0x08001580                HAL_ADC_Start
 .text.HAL_ADC_Start_DMA
                0x08001700      0x184 build/stm32f3xx_hal_adc_ex.o
                0x08001700                HAL_ADC_Start_DMA
 .text.HAL_ADCEx_Calibration_Start
                0x08001884       0x96 build/stm32f3xx_hal_adc_ex.o
                0x08001884                HAL_ADCEx_Calibration_Start
 *fill*         0x0800191a        0x2 
 .text.HAL_ADC_ConfigChannel
                0x0800191c      0x3bc build/stm32f3xx_hal_adc_ex.o
                0x0800191c                HAL_ADC_ConfigChannel
 .text.HAL_ADCEx_MultiModeConfigChannel
                0x08001cd8      0x15c build/stm32f3xx_hal_adc_ex.o
                0x08001cd8                HAL_ADCEx_MultiModeConfigChannel
 .text.HAL_NVIC_SetPriorityGrouping
                0x08001e34       0x24 build/stm32f3xx_hal_cortex.o
                0x08001e34                HAL_NVIC_SetPriorityGrouping
 .text.HAL_NVIC_SetPriority
                0x08001e58       0x70 build/stm32f3xx_hal_cortex.o
                0x08001e58                HAL_NVIC_SetPriority
 .text.HAL_NVIC_EnableIRQ
                0x08001ec8       0x1c build/stm32f3xx_hal_cortex.o
                0x08001ec8                HAL_NVIC_EnableIRQ
 .text.HAL_SYSTICK_Config
                0x08001ee4       0x28 build/stm32f3xx_hal_cortex.o
                0x08001ee4                HAL_SYSTICK_Config
 .text.DMA_SetConfig
                0x08001f0c       0x2c build/stm32f3xx_hal_dma.o
 .text.DMA_CalcBaseAndBitshift
                0x08001f38       0x4c build/stm32f3xx_hal_dma.o
 .text.HAL_DMA_Init
                0x08001f84       0x50 build/stm32f3xx_hal_dma.o
                0x08001f84                HAL_DMA_Init
 .text.HAL_DMA_Start_IT
                0x08001fd4       0x74 build/stm32f3xx_hal_dma.o
                0x08001fd4                HAL_DMA_Start_IT
 .text.HAL_DMA_Abort
                0x08002048       0x44 build/stm32f3xx_hal_dma.o
                0x08002048                HAL_DMA_Abort
 .text.HAL_DMA_Abort_IT
                0x0800208c       0x4a build/stm32f3xx_hal_dma.o
                0x0800208c                HAL_DMA_Abort_IT
 .text.HAL_DMA_IRQHandler
                0x080020d6       0xb4 build/stm32f3xx_hal_dma.o
                0x080020d6                HAL_DMA_IRQHandler
 *fill*         0x0800218a        0x2 
 .text.HAL_GPIO_Init
                0x0800218c      0x1c8 build/stm32f3xx_hal_gpio.o
                0x0800218c                HAL_GPIO_Init
 .text.HAL_GPIO_WritePin
                0x08002354        0xa build/stm32f3xx_hal_gpio.o
                0x08002354                HAL_GPIO_WritePin
 *fill*         0x0800235e        0x2 
 .text.HAL_RCC_OscConfig
                0x08002360      0x634 build/stm32f3xx_hal_rcc.o
                0x08002360                HAL_RCC_OscConfig
 .text.HAL_RCC_GetSysClockFreq
                0x08002994       0x70 build/stm32f3xx_hal_rcc.o
                0x08002994                HAL_RCC_GetSysClockFreq
 .text.HAL_RCC_ClockConfig
                0x08002a04      0x1a8 build/stm32f3xx_hal_rcc.o
                0x08002a04                HAL_RCC_ClockConfig
 .text.HAL_RCC_GetHCLKFreq
                0x08002bac        0xc build/stm32f3xx_hal_rcc.o
                0x08002bac                HAL_RCC_GetHCLKFreq
 .text.HAL_RCC_GetPCLK1Freq
                0x08002bb8       0x2c build/stm32f3xx_hal_rcc.o
                0x08002bb8                HAL_RCC_GetPCLK1Freq
 .text.HAL_RCC_GetPCLK2Freq
                0x08002be4       0x2c build/stm32f3xx_hal_rcc.o
                0x08002be4                HAL_RCC_GetPCLK2Freq
 .text.HAL_RCCEx_PeriphCLKConfig
                0x08002c10      0x260 build/stm32f3xx_hal_rcc_ex.o
                0x08002c10                HAL_RCCEx_PeriphCLKConfig
 .text.HAL_TIM_Base_Start
                0x08002e70       0x7c build/stm32f3xx_hal_tim.o
                0x08002e70                HAL_TIM_Base_Start
 .text.TIM_Base_SetConfig
                0x08002eec       0xb8 build/stm32f3xx_hal_tim.o
                0x08002eec                TIM_Base_SetConfig
 .text.HAL_TIM_Base_Init
                0x08002fa4       0x60 build/stm32f3xx_hal_tim.o
                0x08002fa4                HAL_TIM_Base_Init
 .text.UART_EndTxTransfer
                0x08003004       0x18 build/stm32f3xx_hal_uart.o
 .text.UART_EndRxTransfer
                0x0800301c       0x50 build/stm32f3xx_hal_uart.o
 .text.HAL_UART_Transmit_DMA
                0x0800306c       0xb8 build/stm32f3xx_hal_uart.o
                0x0800306c                HAL_UART_Transmit_DMA
 .text.UART_DMATransmitCplt
                0x08003124       0x44 build/stm32f3xx_hal_uart.o
 .text.UART_EndTransmit_IT
                0x08003168       0x22 build/stm32f3xx_hal_uart.o
 .text.HAL_UART_TxHalfCpltCallback
                0x0800318a        0x2 build/stm32f3xx_hal_uart.o
                0x0800318a                HAL_UART_TxHalfCpltCallback
 .text.UART_DMATxHalfCplt
                0x0800318c        0xa build/stm32f3xx_hal_uart.o
 .text.HAL_UART_ErrorCallback
                0x08003196        0x2 build/stm32f3xx_hal_uart.o
                0x08003196                HAL_UART_ErrorCallback
 .text.UART_DMAError
                0x08003198       0x54 build/stm32f3xx_hal_uart.o
 .text.UART_DMAAbortOnError
                0x080031ec       0x14 build/stm32f3xx_hal_uart.o
 .text.HAL_UARTEx_RxEventCallback
                0x08003200        0x2 build/stm32f3xx_hal_uart.o
                0x08003200                HAL_UARTEx_RxEventCallback
 *fill*         0x08003202        0x2 
 .text.HAL_UART_IRQHandler
                0x08003204      0x2e0 build/stm32f3xx_hal_uart.o
                0x08003204                HAL_UART_IRQHandler
 .text.UART_SetConfig
                0x080034e4      0x250 build/stm32f3xx_hal_uart.o
                0x080034e4                UART_SetConfig
 .text.UART_AdvFeatureConfig
                0x08003734       0xca build/stm32f3xx_hal_uart.o
                0x08003734                UART_AdvFeatureConfig
 .text.UART_WaitOnFlagUntilTimeout
                0x080037fe       0xd4 build/stm32f3xx_hal_uart.o
                0x080037fe                UART_WaitOnFlagUntilTimeout
 .text.UART_CheckIdleState
                0x080038d2       0x70 build/stm32f3xx_hal_uart.o
                0x080038d2                UART_CheckIdleState
 .text.HAL_UART_Init
                0x08003942       0x62 build/stm32f3xx_hal_uart.o
                0x08003942                HAL_UART_Init
 .text.HAL_UARTEx_WakeupCallback
                0x080039a4        0x2 build/stm32f3xx_hal_uart_ex.o
                0x080039a4                HAL_UARTEx_WakeupCallback
 *fill*         0x080039a6        0x2 
 .text.Reset_Handler
                0x080039a8       0x50 build/startup_stm32f303xc.o
                0x080039a8                Reset_Handler
 .text.Default_Handler
                0x080039f8        0x2 build/startup_stm32f303xc.o
                0x080039f8                RTC_Alarm_IRQHandler
                0x080039f8                TIM8_TRG_COM_IRQHandler
                0x080039f8                TIM8_CC_IRQHandler
                0x080039f8                TIM1_CC_IRQHandler
                0x080039f8                USB_HP_IRQHandler
                0x080039f8                PVD_IRQHandler
                0x080039f8                TAMP_STAMP_IRQHandler
                0x080039f8                EXTI3_IRQHandler
                0x080039f8                USB_HP_CAN_TX_IRQHandler
                0x080039f8                EXTI0_IRQHandler
                0x080039f8                I2C2_EV_IRQHandler
                0x080039f8                FPU_IRQHandler
                0x080039f8                TIM1_UP_TIM16_IRQHandler
                0x080039f8                ADC1_2_IRQHandler
                0x080039f8                SPI1_IRQHandler
                0x080039f8                CAN_SCE_IRQHandler
                0x080039f8                TIM6_DAC_IRQHandler
                0x080039f8                TIM8_UP_IRQHandler
                0x080039f8                DMA2_Channel2_IRQHandler
                0x080039f8                DMA1_Channel4_IRQHandler
                0x080039f8                USART3_IRQHandler
                0x080039f8                DMA1_Channel7_IRQHandler
                0x080039f8                UART5_IRQHandler
                0x080039f8                ADC3_IRQHandler
                0x080039f8                TIM4_IRQHandler
                0x080039f8                CAN_RX1_IRQHandler
                0x080039f8                DMA2_Channel1_IRQHandler
                0x080039f8                I2C1_EV_IRQHandler
                0x080039f8                DMA1_Channel6_IRQHandler
                0x080039f8                DMA2_Channel4_IRQHandler
                0x080039f8                TIM3_IRQHandler
                0x080039f8                RCC_IRQHandler
                0x080039f8                Default_Handler
                0x080039f8                USBWakeUp_RMP_IRQHandler
                0x080039f8                EXTI15_10_IRQHandler
                0x080039f8                TIM7_IRQHandler
                0x080039f8                EXTI9_5_IRQHandler
                0x080039f8                RTC_WKUP_IRQHandler
                0x080039f8                SPI2_IRQHandler
                0x080039f8                USB_LP_CAN_RX0_IRQHandler
                0x080039f8                DMA1_Channel5_IRQHandler
                0x080039f8                USB_LP_IRQHandler
                0x080039f8                EXTI4_IRQHandler
                0x080039f8                TIM1_TRG_COM_TIM17_IRQHandler
                0x080039f8                DMA1_Channel3_IRQHandler
                0x080039f8                ADC4_IRQHandler
                0x080039f8                WWDG_IRQHandler
                0x080039f8                TIM2_IRQHandler
                0x080039f8                COMP7_IRQHandler
                0x080039f8                COMP1_2_3_IRQHandler
                0x080039f8                EXTI1_IRQHandler
                0x080039f8                USART2_IRQHandler
                0x080039f8                COMP4_5_6_IRQHandler
                0x080039f8                I2C2_ER_IRQHandler
                0x080039f8                DMA1_Channel2_IRQHandler
                0x080039f8                TIM8_BRK_IRQHandler
                0x080039f8                FLASH_IRQHandler
                0x080039f8                USART1_IRQHandler
                0x080039f8                SPI3_IRQHandler
                0x080039f8                I2C1_ER_IRQHandler
                0x080039f8                USBWakeUp_IRQHandler
                0x080039f8                EXTI2_TSC_IRQHandler
                0x080039f8                TIM1_BRK_TIM15_IRQHandler
 *fill*         0x080039fa        0x2 
 .text.__libc_init_array
                0x080039fc       0x48 c:/dev/dev_tools/gcc-arm-none-eabi-10.3-2021.10/bin/../lib/gcc/arm-none-eabi/10.3.1/../../../../arm-none-eabi/lib/thumb/v7e-m+fp/hard\libc_nano.a(lib_a-init.o)
                0x080039fc                __libc_init_array
 .text.memcpy   0x08003a44       0x1c c:/dev/dev_tools/gcc-arm-none-eabi-10.3-2021.10/bin/../lib/gcc/arm-none-eabi/10.3.1/../../../../arm-none-eabi/lib/thumb/v7e-m+fp/hard\libc_nano.a(lib_a-memcpy-stub.o)
                0x08003a44                memcpy
 .text.memset   0x08003a60       0x10 c:/dev/dev_tools/gcc-arm-none-eabi-10.3-2021.10/bin/../lib/gcc/arm-none-eabi/10.3.1/../../../../arm-none-eabi/lib/thumb/v7e-m+fp/hard\libc_nano.a(lib_a-memset.o)
                0x08003a60                memset
 .text.sprintf  0x08003a70       0x40 c:/dev/dev_tools/gcc-arm-none-eabi-10.3-2021.10/bin/../lib/gcc/arm-none-eabi/10.3.1/../../../../arm-none-eabi/lib/thumb/v7e-m+fp/hard\libc_nano.a(lib_a-sprintf.o)
                0x08003a70                siprintf
                0x08003a70                sprintf
 .text.__ssputs_r
                0x08003ab0       0xb6 c:/dev/dev_tools/gcc-arm-none-eabi-10.3-2021.10/bin/../lib/gcc/arm-none-eabi/10.3.1/../../../../arm-none-eabi/lib/thumb/v7e-m+fp/hard\libc_nano.a(lib_a-nano-svfprintf.o)
                0x08003ab0                __ssputs_r
 *fill*         0x08003b66        0x2 
 .text._svfprintf_r
                0x08003b68      0x200 c:/dev/dev_tools/gcc-arm-none-eabi-10.3-2021.10/bin/../lib/gcc/arm-none-eabi/10.3.1/../../../../arm-none-eabi/lib/thumb/v7e-m+fp/hard\libc_nano.a(lib_a-nano-svfprintf.o)
                0x08003b68                _svfiprintf_r
                0x08003b68                _svfprintf_r
 .text._printf_common
                0x08003d68       0xda c:/dev/dev_tools/gcc-arm-none-eabi-10.3-2021.10/bin/../lib/gcc/arm-none-eabi/10.3.1/../../../../arm-none-eabi/lib/thumb/v7e-m+fp/hard\libc_nano.a(lib_a-nano-vfprintf_i.o)
                0x08003d68                _printf_common
 *fill*         0x08003e42        0x2 
 .text._printf_i
                0x08003e44      0x24c c:/dev/dev_tools/gcc-arm-none-eabi-10.3-2021.10/bin/../lib/gcc/arm-none-eabi/10.3.1/../../../../arm-none-eabi/lib/thumb/v7e-m+fp/hard\libc_nano.a(lib_a-nano-vfprintf_i.o)
                0x08003e44                _printf_i
 .text.memmove  0x08004090       0x34 c:/dev/dev_tools/gcc-arm-none-eabi-10.3-2021.10/bin/../lib/gcc/arm-none-eabi/10.3.1/../../../../arm-none-eabi/lib/thumb/v7e-m+fp/hard\libc_nano.a(lib_a-memmove.o)
                0x08004090                memmove
 .text._free_r  0x080040c4       0x98 c:/dev/dev_tools/gcc-arm-none-eabi-10.3-2021.10/bin/../lib/gcc/arm-none-eabi/10.3.1/../../../../arm-none-eabi/lib/thumb/v7e-m+fp/hard\libc_nano.a(lib_a-nano-freer.o)
                0x080040c4                _free_r
 .text.sbrk_aligned
                0x0800415c       0x40 c:/dev/dev_tools/gcc-arm-none-eabi-10.3-2021.10/bin/../lib/gcc/arm-none-eabi/10.3.1/../../../../arm-none-eabi/lib/thumb/v7e-m+fp/hard\libc_nano.a(lib_a-nano-mallocr.o)
 .text._malloc_r
                0x0800419c       0xe8 c:/dev/dev_tools/gcc-arm-none-eabi-10.3-2021.10/bin/../lib/gcc/arm-none-eabi/10.3.1/../../../../arm-none-eabi/lib/thumb/v7e-m+fp/hard\libc_nano.a(lib_a-nano-mallocr.o)
                0x0800419c                _malloc_r
 .text._realloc_r
                0x08004284       0x5e c:/dev/dev_tools/gcc-arm-none-eabi-10.3-2021.10/bin/../lib/gcc/arm-none-eabi/10.3.1/../../../../arm-none-eabi/lib/thumb/v7e-m+fp/hard\libc_nano.a(lib_a-nano-reallocr.o)
                0x08004284                _realloc_r
 *fill*         0x080042e2        0x2 
 .text._sbrk_r  0x080042e4       0x20 c:/dev/dev_tools/gcc-arm-none-eabi-10.3-2021.10/bin/../lib/gcc/arm-none-eabi/10.3.1/../../../../arm-none-eabi/lib/thumb/v7e-m+fp/hard\libc_nano.a(lib_a-sbrkr.o)
                0x080042e4                _sbrk_r
 .text.__malloc_lock
                0x08004304        0xc c:/dev/dev_tools/gcc-arm-none-eabi-10.3-2021.10/bin/../lib/gcc/arm-none-eabi/10.3.1/../../../../arm-none-eabi/lib/thumb/v7e-m+fp/hard\libc_nano.a(lib_a-mlock.o)
                0x08004304                __malloc_lock
 .text.__malloc_unlock
                0x08004310        0xc c:/dev/dev_tools/gcc-arm-none-eabi-10.3-2021.10/bin/../lib/gcc/arm-none-eabi/10.3.1/../../../../arm-none-eabi/lib/thumb/v7e-m+fp/hard\libc_nano.a(lib_a-mlock.o)
                0x08004310                __malloc_unlock
 .text._malloc_usable_size_r
                0x0800431c       0x10 c:/dev/dev_tools/gcc-arm-none-eabi-10.3-2021.10/bin/../lib/gcc/arm-none-eabi/10.3.1/../../../../arm-none-eabi/lib/thumb/v7e-m+fp/hard\libc_nano.a(lib_a-nano-msizer.o)
                0x0800431c                _malloc_usable_size_r
 .text.__retarget_lock_acquire_recursive
                0x0800432c        0x2 c:/dev/dev_tools/gcc-arm-none-eabi-10.3-2021.10/bin/../lib/gcc/arm-none-eabi/10.3.1/../../../../arm-none-eabi/lib/thumb/v7e-m+fp/hard\libc_nano.a(lib_a-lock.o)
                0x0800432c                __retarget_lock_acquire_recursive
 .text.__retarget_lock_release_recursive
                0x0800432e        0x2 c:/dev/dev_tools/gcc-arm-none-eabi-10.3-2021.10/bin/../lib/gcc/arm-none-eabi/10.3.1/../../../../arm-none-eabi/lib/thumb/v7e-m+fp/hard\libc_nano.a(lib_a-lock.o)
                0x0800432e                __retarget_lock_release_recursive
 .text._sbrk    0x08004330       0x1c c:/dev/dev_tools/gcc-arm-none-eabi-10.3-2021.10/bin/../lib/gcc/arm-none-eabi/10.3.1/../../../../arm-none-eabi/lib/thumb/v7e-m+fp/hard\libnosys.a(sbrk.o)
                0x08004330                _sbrk
 *(.glue_7)
 .glue_7        0x0800434c        0x0 linker stubs
 *(.glue_7t)
 .glue_7t       0x0800434c        0x0 linker stubs
 *(.eh_frame)
 .eh_frame      0x0800434c        0x0 c:/dev/dev_tools/gcc-arm-none-eabi-10.3-2021.10/bin/../lib/gcc/arm-none-eabi/10.3.1/thumb/v7e-m+fp/hard/crtbegin.o
 *(.init)
 .init          0x0800434c        0x4 c:/dev/dev_tools/gcc-arm-none-eabi-10.3-2021.10/bin/../lib/gcc/arm-none-eabi/10.3.1/thumb/v7e-m+fp/hard/crti.o
                0x0800434c                _init
 .init          0x08004350        0x8 c:/dev/dev_tools/gcc-arm-none-eabi-10.3-2021.10/bin/../lib/gcc/arm-none-eabi/10.3.1/thumb/v7e-m+fp/hard/crtn.o
 *(.fini)
 .fini          0x08004358        0x4 c:/dev/dev_tools/gcc-arm-none-eabi-10.3-2021.10/bin/../lib/gcc/arm-none-eabi/10.3.1/thumb/v7e-m+fp/hard/crti.o
                0x08004358                _fini
 .fini          0x0800435c        0x8 c:/dev/dev_tools/gcc-arm-none-eabi-10.3-2021.10/bin/../lib/gcc/arm-none-eabi/10.3.1/thumb/v7e-m+fp/hard/crtn.o
                0x08004364                . = ALIGN (0x4)
                0x08004364                _etext = .

.vfp11_veneer   0x08004364        0x0
 .vfp11_veneer  0x08004364        0x0 linker stubs

.v4_bx          0x08004364        0x0
 .v4_bx         0x08004364        0x0 linker stubs

.iplt           0x08004364        0x0
 .iplt          0x08004364        0x0 c:/dev/dev_tools/gcc-arm-none-eabi-10.3-2021.10/bin/../lib/gcc/arm-none-eabi/10.3.1/thumb/v7e-m+fp/hard/crtbegin.o

.rodata         0x08004364       0xe8
                0x08004364                . = ALIGN (0x4)
 *(.rodata)
 *(.rodata*)
 .rodata.main.str1.4
                0x08004364       0x7b build/main.o
 *fill*         0x080043df        0x1 
 .rodata.AHBPrescTable
                0x080043e0       0x10 build/system_stm32f3xx.o
                0x080043e0                AHBPrescTable
 .rodata.APBPrescTable
                0x080043f0        0x8 build/system_stm32f3xx.o
                0x080043f0                APBPrescTable
 .rodata.aPLLMULFactorTable
                0x080043f8       0x10 build/stm32f3xx_hal_rcc.o
                0x080043f8                aPLLMULFactorTable
 .rodata.aPredivFactorTable
                0x08004408       0x10 build/stm32f3xx_hal_rcc.o
                0x08004408                aPredivFactorTable
 .rodata._svfprintf_r.str1.1
                0x08004418       0x11 c:/dev/dev_tools/gcc-arm-none-eabi-10.3-2021.10/bin/../lib/gcc/arm-none-eabi/10.3.1/../../../../arm-none-eabi/lib/thumb/v7e-m+fp/hard\libc_nano.a(lib_a-nano-svfprintf.o)
 .rodata._printf_i.str1.1
                0x08004429       0x22 c:/dev/dev_tools/gcc-arm-none-eabi-10.3-2021.10/bin/../lib/gcc/arm-none-eabi/10.3.1/../../../../arm-none-eabi/lib/thumb/v7e-m+fp/hard\libc_nano.a(lib_a-nano-vfprintf_i.o)
                0x0800444c                . = ALIGN (0x4)
 *fill*         0x0800444b        0x1 

.rel.dyn        0x0800444c        0x0
 .rel.iplt      0x0800444c        0x0 c:/dev/dev_tools/gcc-arm-none-eabi-10.3-2021.10/bin/../lib/gcc/arm-none-eabi/10.3.1/thumb/v7e-m+fp/hard/crtbegin.o

.ARM.extab
 *(.ARM.extab* .gnu.linkonce.armextab.*)

.ARM            0x0800444c        0x0
                0x0800444c                __exidx_start = .
 *(.ARM.exidx*)
                0x0800444c                __exidx_end = .

.preinit_array  0x0800444c        0x0
                0x0800444c                PROVIDE (__preinit_array_start = .)
 *(.preinit_array*)
                0x0800444c                PROVIDE (__preinit_array_end = .)

.init_array     0x0800444c        0x4
                0x0800444c                PROVIDE (__init_array_start = .)
 *(SORT_BY_NAME(.init_array.*))
 *(.init_array*)
 .init_array    0x0800444c        0x4 c:/dev/dev_tools/gcc-arm-none-eabi-10.3-2021.10/bin/../lib/gcc/arm-none-eabi/10.3.1/thumb/v7e-m+fp/hard/crtbegin.o
                0x08004450                PROVIDE (__init_array_end = .)

.fini_array     0x08004450        0x4
                [!provide]                PROVIDE (__fini_array_start = .)
 *(SORT_BY_NAME(.fini_array.*))
 *(.fini_array*)
 .fini_array    0x08004450        0x4 c:/dev/dev_tools/gcc-arm-none-eabi-10.3-2021.10/bin/../lib/gcc/arm-none-eabi/10.3.1/thumb/v7e-m+fp/hard/crtbegin.o
                [!provide]                PROVIDE (__fini_array_end = .)
                0x08004454                _sidata = LOADADDR (.data)

.data           0x20000000       0x70 load address 0x08004454
                0x20000000                . = ALIGN (0x4)
                0x20000000                _sdata = .
 *(.data)
 *(.data*)
 .data.SystemCoreClock
                0x20000000        0x4 build/system_stm32f3xx.o
                0x20000000                SystemCoreClock
 .data.uwTickFreq
                0x20000004        0x1 build/stm32f3xx_hal.o
                0x20000004                uwTickFreq
 *fill*         0x20000005        0x3 
 .data.uwTickPrio
                0x20000008        0x4 build/stm32f3xx_hal.o
                0x20000008                uwTickPrio
 .data._impure_ptr
                0x2000000c        0x4 c:/dev/dev_tools/gcc-arm-none-eabi-10.3-2021.10/bin/../lib/gcc/arm-none-eabi/10.3.1/../../../../arm-none-eabi/lib/thumb/v7e-m+fp/hard\libc_nano.a(lib_a-impure.o)
                0x2000000c                _impure_ptr
 .data.impure_data
                0x20000010       0x60 c:/dev/dev_tools/gcc-arm-none-eabi-10.3-2021.10/bin/../lib/gcc/arm-none-eabi/10.3.1/../../../../arm-none-eabi/lib/thumb/v7e-m+fp/hard\libc_nano.a(lib_a-impure.o)
                0x20000070                . = ALIGN (0x4)
                0x20000070                _edata = .
                0x080044c4                _siccmram = LOADADDR (.ccmram)

.igot.plt       0x20000070        0x0 load address 0x080044c4
 .igot.plt      0x20000070        0x0 c:/dev/dev_tools/gcc-arm-none-eabi-10.3-2021.10/bin/../lib/gcc/arm-none-eabi/10.3.1/thumb/v7e-m+fp/hard/crtbegin.o

.ccmram         0x10000000        0x0 load address 0x080044c4
                0x10000000                . = ALIGN (0x4)
                0x10000000                _sccmram = .
 *(.ccmram)
 *(.ccmram*)
                0x10000000                . = ALIGN (0x4)
                0x10000000                _eccmram = .
                0x10000000                . = ALIGN (0x4)

.bss            0x20000070      0x2e4
                0x20000070                _sbss = .
                0x20000070                __bss_start__ = _sbss
 *(.bss)
 .bss           0x20000070       0x1c c:/dev/dev_tools/gcc-arm-none-eabi-10.3-2021.10/bin/../lib/gcc/arm-none-eabi/10.3.1/thumb/v7e-m+fp/hard/crtbegin.o
 *(.bss*)
 .bss.hadc1     0x2000008c       0x50 build/adc.o
                0x2000008c                hadc1
 .bss.hdma_adc1
                0x200000dc       0x44 build/adc.o
                0x200000dc                hdma_adc1
 .bss.adcChannelArray
                0x20000120       0x10 build/main.o
                0x20000120                adcChannelArray
 .bss.avgBatVoltage
                0x20000130       0x10 build/main.o
                0x20000130                avgBatVoltage
 .bss.batVoltage
                0x20000140       0xa0 build/main.o
                0x20000140                batVoltage
 .bss.startTransmit
                0x200001e0        0x1 build/main.o
                0x200001e0                startTransmit
 .bss.txempty   0x200001e1        0x1 build/main.o
                0x200001e1                txempty
 *fill*         0x200001e2        0x2 
 .bss.htim16    0x200001e4       0x4c build/tim.o
                0x200001e4                htim16
 .bss.hdma_uart4_rx
                0x20000230       0x44 build/usart.o
                0x20000230                hdma_uart4_rx
 .bss.hdma_uart4_tx
                0x20000274       0x44 build/usart.o
                0x20000274                hdma_uart4_tx
 .bss.huart4    0x200002b8       0x84 build/usart.o
                0x200002b8                huart4
 .bss.uwTick    0x2000033c        0x4 build/stm32f3xx_hal.o
                0x2000033c                uwTick
 .bss.__malloc_free_list
                0x20000340        0x4 c:/dev/dev_tools/gcc-arm-none-eabi-10.3-2021.10/bin/../lib/gcc/arm-none-eabi/10.3.1/../../../../arm-none-eabi/lib/thumb/v7e-m+fp/hard\libc_nano.a(lib_a-nano-mallocr.o)
                0x20000340                __malloc_free_list
 .bss.__malloc_sbrk_start
                0x20000344        0x4 c:/dev/dev_tools/gcc-arm-none-eabi-10.3-2021.10/bin/../lib/gcc/arm-none-eabi/10.3.1/../../../../arm-none-eabi/lib/thumb/v7e-m+fp/hard\libc_nano.a(lib_a-nano-mallocr.o)
                0x20000344                __malloc_sbrk_start
 .bss.errno     0x20000348        0x4 c:/dev/dev_tools/gcc-arm-none-eabi-10.3-2021.10/bin/../lib/gcc/arm-none-eabi/10.3.1/../../../../arm-none-eabi/lib/thumb/v7e-m+fp/hard\libc_nano.a(lib_a-reent.o)
                0x20000348                errno
 .bss.__lock___malloc_recursive_mutex
                0x2000034c        0x1 c:/dev/dev_tools/gcc-arm-none-eabi-10.3-2021.10/bin/../lib/gcc/arm-none-eabi/10.3.1/../../../../arm-none-eabi/lib/thumb/v7e-m+fp/hard\libc_nano.a(lib_a-lock.o)
                0x2000034c                __lock___malloc_recursive_mutex
 *fill*         0x2000034d        0x3 
 .bss.heap_end.0
                0x20000350        0x4 c:/dev/dev_tools/gcc-arm-none-eabi-10.3-2021.10/bin/../lib/gcc/arm-none-eabi/10.3.1/../../../../arm-none-eabi/lib/thumb/v7e-m+fp/hard\libnosys.a(sbrk.o)
 *(COMMON)
                0x20000354                . = ALIGN (0x4)
                0x20000354                _ebss = .
                0x20000354                __bss_end__ = _ebss

._user_heap_stack
                0x20000354      0x604
                0x20000358                . = ALIGN (0x8)
 *fill*         0x20000354        0x4 
                0x20000358                PROVIDE (end = .)
                [!provide]                PROVIDE (_end = .)
                0x20000558                . = (. + _Min_Heap_Size)
 *fill*         0x20000358      0x200 
                0x20000958                . = (. + _Min_Stack_Size)
 *fill*         0x20000558      0x400 
                0x20000958                . = ALIGN (0x8)

/DISCARD/
 libc.a(*)
 libm.a(*)
 libgcc.a(*)

.ARM.attributes
                0x00000000       0x30
 *(.ARM.attributes)
 .ARM.attributes
                0x00000000       0x1e c:/dev/dev_tools/gcc-arm-none-eabi-10.3-2021.10/bin/../lib/gcc/arm-none-eabi/10.3.1/thumb/v7e-m+fp/hard/crti.o
 .ARM.attributes
                0x0000001e       0x34 c:/dev/dev_tools/gcc-arm-none-eabi-10.3-2021.10/bin/../lib/gcc/arm-none-eabi/10.3.1/thumb/v7e-m+fp/hard/crtbegin.o
 .ARM.attributes
                0x00000052       0x34 build/adc.o
 .ARM.attributes
                0x00000086       0x34 build/dma.o
 .ARM.attributes
                0x000000ba       0x34 build/gpio.o
 .ARM.attributes
                0x000000ee       0x34 build/main.o
 .ARM.attributes
                0x00000122       0x34 build/stm32f3xx_hal_msp.o
 .ARM.attributes
                0x00000156       0x34 build/stm32f3xx_it.o
 .ARM.attributes
                0x0000018a       0x34 build/system_stm32f3xx.o
 .ARM.attributes
                0x000001be       0x34 build/tim.o
 .ARM.attributes
                0x000001f2       0x34 build/usart.o
 .ARM.attributes
                0x00000226       0x34 build/stm32f3xx_hal.o
 .ARM.attributes
                0x0000025a       0x34 build/stm32f3xx_hal_adc.o
 .ARM.attributes
                0x0000028e       0x34 build/stm32f3xx_hal_adc_ex.o
 .ARM.attributes
                0x000002c2       0x34 build/stm32f3xx_hal_cortex.o
 .ARM.attributes
                0x000002f6       0x34 build/stm32f3xx_hal_dma.o
 .ARM.attributes
                0x0000032a       0x34 build/stm32f3xx_hal_gpio.o
 .ARM.attributes
                0x0000035e       0x34 build/stm32f3xx_hal_rcc.o
 .ARM.attributes
                0x00000392       0x34 build/stm32f3xx_hal_rcc_ex.o
 .ARM.attributes
                0x000003c6       0x34 build/stm32f3xx_hal_tim.o
 .ARM.attributes
                0x000003fa       0x34 build/stm32f3xx_hal_uart.o
 .ARM.attributes
                0x0000042e       0x34 build/stm32f3xx_hal_uart_ex.o
 .ARM.attributes
                0x00000462       0x21 build/startup_stm32f303xc.o
 .ARM.attributes
                0x00000483       0x34 c:/dev/dev_tools/gcc-arm-none-eabi-10.3-2021.10/bin/../lib/gcc/arm-none-eabi/10.3.1/../../../../arm-none-eabi/lib/thumb/v7e-m+fp/hard\libc_nano.a(lib_a-impure.o)
 .ARM.attributes
                0x000004b7       0x34 c:/dev/dev_tools/gcc-arm-none-eabi-10.3-2021.10/bin/../lib/gcc/arm-none-eabi/10.3.1/../../../../arm-none-eabi/lib/thumb/v7e-m+fp/hard\libc_nano.a(lib_a-init.o)
 .ARM.attributes
                0x000004eb       0x34 c:/dev/dev_tools/gcc-arm-none-eabi-10.3-2021.10/bin/../lib/gcc/arm-none-eabi/10.3.1/../../../../arm-none-eabi/lib/thumb/v7e-m+fp/hard\libc_nano.a(lib_a-memcpy-stub.o)
 .ARM.attributes
                0x0000051f       0x34 c:/dev/dev_tools/gcc-arm-none-eabi-10.3-2021.10/bin/../lib/gcc/arm-none-eabi/10.3.1/../../../../arm-none-eabi/lib/thumb/v7e-m+fp/hard\libc_nano.a(lib_a-memset.o)
 .ARM.attributes
                0x00000553       0x34 c:/dev/dev_tools/gcc-arm-none-eabi-10.3-2021.10/bin/../lib/gcc/arm-none-eabi/10.3.1/../../../../arm-none-eabi/lib/thumb/v7e-m+fp/hard\libc_nano.a(lib_a-sprintf.o)
 .ARM.attributes
                0x00000587       0x34 c:/dev/dev_tools/gcc-arm-none-eabi-10.3-2021.10/bin/../lib/gcc/arm-none-eabi/10.3.1/../../../../arm-none-eabi/lib/thumb/v7e-m+fp/hard\libc_nano.a(lib_a-nano-svfprintf.o)
 .ARM.attributes
                0x000005bb       0x34 c:/dev/dev_tools/gcc-arm-none-eabi-10.3-2021.10/bin/../lib/gcc/arm-none-eabi/10.3.1/../../../../arm-none-eabi/lib/thumb/v7e-m+fp/hard\libc_nano.a(lib_a-nano-vfprintf_i.o)
 .ARM.attributes
                0x000005ef       0x1c c:/dev/dev_tools/gcc-arm-none-eabi-10.3-2021.10/bin/../lib/gcc/arm-none-eabi/10.3.1/../../../../arm-none-eabi/lib/thumb/v7e-m+fp/hard\libc_nano.a(lib_a-memchr.o)
 .ARM.attributes
                0x0000060b       0x34 c:/dev/dev_tools/gcc-arm-none-eabi-10.3-2021.10/bin/../lib/gcc/arm-none-eabi/10.3.1/../../../../arm-none-eabi/lib/thumb/v7e-m+fp/hard\libc_nano.a(lib_a-memmove.o)
 .ARM.attributes
                0x0000063f       0x34 c:/dev/dev_tools/gcc-arm-none-eabi-10.3-2021.10/bin/../lib/gcc/arm-none-eabi/10.3.1/../../../../arm-none-eabi/lib/thumb/v7e-m+fp/hard\libc_nano.a(lib_a-nano-freer.o)
 .ARM.attributes
                0x00000673       0x34 c:/dev/dev_tools/gcc-arm-none-eabi-10.3-2021.10/bin/../lib/gcc/arm-none-eabi/10.3.1/../../../../arm-none-eabi/lib/thumb/v7e-m+fp/hard\libc_nano.a(lib_a-nano-mallocr.o)
 .ARM.attributes
                0x000006a7       0x34 c:/dev/dev_tools/gcc-arm-none-eabi-10.3-2021.10/bin/../lib/gcc/arm-none-eabi/10.3.1/../../../../arm-none-eabi/lib/thumb/v7e-m+fp/hard\libc_nano.a(lib_a-nano-reallocr.o)
 .ARM.attributes
                0x000006db       0x34 c:/dev/dev_tools/gcc-arm-none-eabi-10.3-2021.10/bin/../lib/gcc/arm-none-eabi/10.3.1/../../../../arm-none-eabi/lib/thumb/v7e-m+fp/hard\libc_nano.a(lib_a-sbrkr.o)
 .ARM.attributes
                0x0000070f       0x34 c:/dev/dev_tools/gcc-arm-none-eabi-10.3-2021.10/bin/../lib/gcc/arm-none-eabi/10.3.1/../../../../arm-none-eabi/lib/thumb/v7e-m+fp/hard\libc_nano.a(lib_a-mlock.o)
 .ARM.attributes
                0x00000743       0x34 c:/dev/dev_tools/gcc-arm-none-eabi-10.3-2021.10/bin/../lib/gcc/arm-none-eabi/10.3.1/../../../../arm-none-eabi/lib/thumb/v7e-m+fp/hard\libc_nano.a(lib_a-nano-msizer.o)
 .ARM.attributes
                0x00000777       0x34 c:/dev/dev_tools/gcc-arm-none-eabi-10.3-2021.10/bin/../lib/gcc/arm-none-eabi/10.3.1/../../../../arm-none-eabi/lib/thumb/v7e-m+fp/hard\libc_nano.a(lib_a-reent.o)
 .ARM.attributes
                0x000007ab       0x34 c:/dev/dev_tools/gcc-arm-none-eabi-10.3-2021.10/bin/../lib/gcc/arm-none-eabi/10.3.1/../../../../arm-none-eabi/lib/thumb/v7e-m+fp/hard\libc_nano.a(lib_a-lock.o)
 .ARM.attributes
                0x000007df       0x34 c:/dev/dev_tools/gcc-arm-none-eabi-10.3-2021.10/bin/../lib/gcc/arm-none-eabi/10.3.1/../../../../arm-none-eabi/lib/thumb/v7e-m+fp/hard\libnosys.a(sbrk.o)
 .ARM.attributes
                0x00000813       0x1e c:/dev/dev_tools/gcc-arm-none-eabi-10.3-2021.10/bin/../lib/gcc/arm-none-eabi/10.3.1/thumb/v7e-m+fp/hard\libgcc.a(_arm_muldf3.o)
 .ARM.attributes
                0x00000831       0x1e c:/dev/dev_tools/gcc-arm-none-eabi-10.3-2021.10/bin/../lib/gcc/arm-none-eabi/10.3.1/thumb/v7e-m+fp/hard\libgcc.a(_arm_addsubdf3.o)
 .ARM.attributes
                0x0000084f       0x1e c:/dev/dev_tools/gcc-arm-none-eabi-10.3-2021.10/bin/../lib/gcc/arm-none-eabi/10.3.1/thumb/v7e-m+fp/hard\libgcc.a(_arm_fixunsdfsi.o)
 .ARM.attributes
                0x0000086d       0x1e c:/dev/dev_tools/gcc-arm-none-eabi-10.3-2021.10/bin/../lib/gcc/arm-none-eabi/10.3.1/thumb/v7e-m+fp/hard/crtn.o
OUTPUT(build/f3-RMS.elf elf32-littlearm)
LOAD linker stubs
LOAD c:/dev/dev_tools/gcc-arm-none-eabi-10.3-2021.10/bin/../lib/gcc/arm-none-eabi/10.3.1/../../../../arm-none-eabi/lib/thumb/v7e-m+fp/hard\libc.a
LOAD c:/dev/dev_tools/gcc-arm-none-eabi-10.3-2021.10/bin/../lib/gcc/arm-none-eabi/10.3.1/../../../../arm-none-eabi/lib/thumb/v7e-m+fp/hard\libm.a
LOAD c:/dev/dev_tools/gcc-arm-none-eabi-10.3-2021.10/bin/../lib/gcc/arm-none-eabi/10.3.1/thumb/v7e-m+fp/hard\libgcc.a

.debug_info     0x00000000    0x16aac
 .debug_info    0x00000000      0xe3a build/adc.o
 .debug_info    0x00000e3a      0x450 build/dma.o
 .debug_info    0x0000128a      0x3d0 build/gpio.o
 .debug_info    0x0000165a     0x1778 build/main.o
 .debug_info    0x00002dd2      0x1ef build/stm32f3xx_hal_msp.o
 .debug_info    0x00002fc1      0x89b build/stm32f3xx_it.o
 .debug_info    0x0000385c      0x47d build/system_stm32f3xx.o
 .debug_info    0x00003cd9      0x8c9 build/tim.o
 .debug_info    0x000045a2      0xd5c build/usart.o
 .debug_info    0x000052fe      0x932 build/stm32f3xx_hal.o
 .debug_info    0x00005c30      0xd01 build/stm32f3xx_hal_adc.o
 .debug_info    0x00006931     0x1f89 build/stm32f3xx_hal_adc_ex.o
 .debug_info    0x000088ba     0x10cf build/stm32f3xx_hal_cortex.o
 .debug_info    0x00009989      0x8f7 build/stm32f3xx_hal_dma.o
 .debug_info    0x0000a280      0x744 build/stm32f3xx_hal_gpio.o
 .debug_info    0x0000a9c4     0x16de build/stm32f3xx_hal_rcc.o
 .debug_info    0x0000c0a2      0x7f1 build/stm32f3xx_hal_rcc_ex.o
 .debug_info    0x0000c893     0x4194 build/stm32f3xx_hal_tim.o
 .debug_info    0x00010a27     0x5114 build/stm32f3xx_hal_uart.o
 .debug_info    0x00015b3b      0xf4f build/stm32f3xx_hal_uart_ex.o
 .debug_info    0x00016a8a       0x22 build/startup_stm32f303xc.o

.debug_abbrev   0x00000000     0x2adb
 .debug_abbrev  0x00000000      0x1df build/adc.o
 .debug_abbrev  0x000001df      0x117 build/dma.o
 .debug_abbrev  0x000002f6      0x151 build/gpio.o
 .debug_abbrev  0x00000447      0x2bb build/main.o
 .debug_abbrev  0x00000702       0xe5 build/stm32f3xx_hal_msp.o
 .debug_abbrev  0x000007e7      0x157 build/stm32f3xx_it.o
 .debug_abbrev  0x0000093e      0x11b build/system_stm32f3xx.o
 .debug_abbrev  0x00000a59      0x1e5 build/tim.o
 .debug_abbrev  0x00000c3e      0x1f3 build/usart.o
 .debug_abbrev  0x00000e31      0x20a build/stm32f3xx_hal.o
 .debug_abbrev  0x0000103b      0x18d build/stm32f3xx_hal_adc.o
 .debug_abbrev  0x000011c8      0x30d build/stm32f3xx_hal_adc_ex.o
 .debug_abbrev  0x000014d5      0x382 build/stm32f3xx_hal_cortex.o
 .debug_abbrev  0x00001857      0x24d build/stm32f3xx_hal_dma.o
 .debug_abbrev  0x00001aa4      0x222 build/stm32f3xx_hal_gpio.o
 .debug_abbrev  0x00001cc6      0x323 build/stm32f3xx_hal_rcc.o
 .debug_abbrev  0x00001fe9      0x278 build/stm32f3xx_hal_rcc_ex.o
 .debug_abbrev  0x00002261      0x282 build/stm32f3xx_hal_tim.o
 .debug_abbrev  0x000024e3      0x308 build/stm32f3xx_hal_uart.o
 .debug_abbrev  0x000027eb      0x2de build/stm32f3xx_hal_uart_ex.o
 .debug_abbrev  0x00002ac9       0x12 build/startup_stm32f303xc.o

.debug_loc      0x00000000    0x11e21
 .debug_loc     0x00000000      0x119 build/adc.o
 .debug_loc     0x00000119       0x38 build/dma.o
 .debug_loc     0x00000151       0x38 build/gpio.o
 .debug_loc     0x00000189      0x22b build/main.o
 .debug_loc     0x000003b4       0x38 build/stm32f3xx_hal_msp.o
 .debug_loc     0x000003ec       0xa0 build/stm32f3xx_it.o
 .debug_loc     0x0000048c      0x123 build/system_stm32f3xx.o
 .debug_loc     0x000005af       0x4c build/tim.o
 .debug_loc     0x000005fb       0xf5 build/usart.o
 .debug_loc     0x000006f0      0x1e1 build/stm32f3xx_hal.o
 .debug_loc     0x000008d1      0x22b build/stm32f3xx_hal_adc.o
 .debug_loc     0x00000afc     0x25eb build/stm32f3xx_hal_adc_ex.o
 .debug_loc     0x000030e7      0x7a4 build/stm32f3xx_hal_cortex.o
 .debug_loc     0x0000388b      0x928 build/stm32f3xx_hal_dma.o
 .debug_loc     0x000041b3      0x46f build/stm32f3xx_hal_gpio.o
 .debug_loc     0x00004622      0xf4c build/stm32f3xx_hal_rcc.o
 .debug_loc     0x0000556e      0xafc build/stm32f3xx_hal_rcc_ex.o
 .debug_loc     0x0000606a     0x615e build/stm32f3xx_hal_tim.o
 .debug_loc     0x0000c1c8     0x50da build/stm32f3xx_hal_uart.o
 .debug_loc     0x000112a2      0xb7f build/stm32f3xx_hal_uart_ex.o

.debug_aranges  0x00000000      0xdd0
 .debug_aranges
                0x00000000       0x30 build/adc.o
 .debug_aranges
                0x00000030       0x20 build/dma.o
 .debug_aranges
                0x00000050       0x20 build/gpio.o
 .debug_aranges
                0x00000070       0x48 build/main.o
 .debug_aranges
                0x000000b8       0x20 build/stm32f3xx_hal_msp.o
 .debug_aranges
                0x000000d8       0x80 build/stm32f3xx_it.o
 .debug_aranges
                0x00000158       0x28 build/system_stm32f3xx.o
 .debug_aranges
                0x00000180       0x30 build/tim.o
 .debug_aranges
                0x000001b0       0x30 build/usart.o
 .debug_aranges
                0x000001e0       0xe0 build/stm32f3xx_hal.o
 .debug_aranges
                0x000002c0       0xc8 build/stm32f3xx_hal_adc.o
 .debug_aranges
                0x00000388      0x168 build/stm32f3xx_hal_adc_ex.o
 .debug_aranges
                0x000004f0       0xa8 build/stm32f3xx_hal_cortex.o
 .debug_aranges
                0x00000598       0x88 build/stm32f3xx_hal_dma.o
 .debug_aranges
                0x00000620       0x58 build/stm32f3xx_hal_gpio.o
 .debug_aranges
                0x00000678       0x88 build/stm32f3xx_hal_rcc.o
 .debug_aranges
                0x00000700       0x38 build/stm32f3xx_hal_rcc_ex.o
 .debug_aranges
                0x00000738      0x3e0 build/stm32f3xx_hal_tim.o
 .debug_aranges
                0x00000b18      0x228 build/stm32f3xx_hal_uart.o
 .debug_aranges
                0x00000d40       0x68 build/stm32f3xx_hal_uart_ex.o
 .debug_aranges
                0x00000da8       0x28 build/startup_stm32f303xc.o

.debug_ranges   0x00000000      0xd80
 .debug_ranges  0x00000000       0x20 build/adc.o
 .debug_ranges  0x00000020       0x10 build/dma.o
 .debug_ranges  0x00000030       0x10 build/gpio.o
 .debug_ranges  0x00000040       0x98 build/main.o
 .debug_ranges  0x000000d8       0x10 build/stm32f3xx_hal_msp.o
 .debug_ranges  0x000000e8       0x70 build/stm32f3xx_it.o
 .debug_ranges  0x00000158       0x18 build/system_stm32f3xx.o
 .debug_ranges  0x00000170       0x20 build/tim.o
 .debug_ranges  0x00000190       0x20 build/usart.o
 .debug_ranges  0x000001b0       0xd0 build/stm32f3xx_hal.o
 .debug_ranges  0x00000280       0xb8 build/stm32f3xx_hal_adc.o
 .debug_ranges  0x00000338      0x158 build/stm32f3xx_hal_adc_ex.o
 .debug_ranges  0x00000490       0xf8 build/stm32f3xx_hal_cortex.o
 .debug_ranges  0x00000588       0x78 build/stm32f3xx_hal_dma.o
 .debug_ranges  0x00000600       0x48 build/stm32f3xx_hal_gpio.o
 .debug_ranges  0x00000648       0x98 build/stm32f3xx_hal_rcc.o
 .debug_ranges  0x000006e0       0x28 build/stm32f3xx_hal_rcc_ex.o
 .debug_ranges  0x00000708      0x3d0 build/stm32f3xx_hal_tim.o
 .debug_ranges  0x00000ad8      0x230 build/stm32f3xx_hal_uart.o
 .debug_ranges  0x00000d08       0x58 build/stm32f3xx_hal_uart_ex.o
 .debug_ranges  0x00000d60       0x20 build/startup_stm32f303xc.o

.debug_line     0x00000000    0x12efe
 .debug_line    0x00000000      0x4d0 build/adc.o
 .debug_line    0x000004d0      0x187 build/dma.o
 .debug_line    0x00000657      0x1b6 build/gpio.o
 .debug_line    0x0000080d      0x6b8 build/main.o
 .debug_line    0x00000ec5      0x190 build/stm32f3xx_hal_msp.o
 .debug_line    0x00001055      0x315 build/stm32f3xx_it.o
 .debug_line    0x0000136a      0x235 build/system_stm32f3xx.o
 .debug_line    0x0000159f      0x25b build/tim.o
 .debug_line    0x000017fa      0x394 build/usart.o
 .debug_line    0x00001b8e      0x512 build/stm32f3xx_hal.o
 .debug_line    0x000020a0      0x42a build/stm32f3xx_hal_adc.o
 .debug_line    0x000024ca     0x29fc build/stm32f3xx_hal_adc_ex.o
 .debug_line    0x00004ec6      0x737 build/stm32f3xx_hal_cortex.o
 .debug_line    0x000055fd      0x9e2 build/stm32f3xx_hal_dma.o
 .debug_line    0x00005fdf      0x660 build/stm32f3xx_hal_gpio.o
 .debug_line    0x0000663f     0x11ad build/stm32f3xx_hal_rcc.o
 .debug_line    0x000077ec      0xaf2 build/stm32f3xx_hal_rcc_ex.o
 .debug_line    0x000082de     0x51aa build/stm32f3xx_hal_tim.o
 .debug_line    0x0000d488     0x505d build/stm32f3xx_hal_uart.o
 .debug_line    0x000124e5      0x9a3 build/stm32f3xx_hal_uart_ex.o
 .debug_line    0x00012e88       0x76 build/startup_stm32f303xc.o

.debug_str      0x00000000     0x44b1
 .debug_str     0x00000000      0x723 build/adc.o
                                0x812 (size before relaxing)
 .debug_str     0x00000723      0x475 build/dma.o
                                0x635 (size before relaxing)
 .debug_str     0x00000b98       0x4b build/gpio.o
                                0x29a (size before relaxing)
 .debug_str     0x00000be3      0x96c build/main.o
                                0xfe1 (size before relaxing)
 .debug_str     0x0000154f       0x46 build/stm32f3xx_hal_msp.o
                                0x206 (size before relaxing)
 .debug_str     0x00001595      0x153 build/stm32f3xx_it.o
                                0x6dc (size before relaxing)
 .debug_str     0x000016e8       0xdc build/system_stm32f3xx.o
                                0x2b1 (size before relaxing)
 .debug_str     0x000017c4       0x5c build/tim.o
                                0x75b (size before relaxing)
 .debug_str     0x00001820       0x62 build/usart.o
                                0xb95 (size before relaxing)
 .debug_str     0x00001882      0x2ea build/stm32f3xx_hal.o
                                0x987 (size before relaxing)
 .debug_str     0x00001b6c      0x1cb build/stm32f3xx_hal_adc.o
                                0x89e (size before relaxing)
 .debug_str     0x00001d37      0x5be build/stm32f3xx_hal_adc_ex.o
                                0xee4 (size before relaxing)
 .debug_str     0x000022f5      0x427 build/stm32f3xx_hal_cortex.o
                                0xb41 (size before relaxing)
 .debug_str     0x0000271c      0x1f7 build/stm32f3xx_hal_dma.o
                                0x5f9 (size before relaxing)
 .debug_str     0x00002913      0x12b build/stm32f3xx_hal_gpio.o
                                0x40c (size before relaxing)
 .debug_str     0x00002a3e      0x1ea build/stm32f3xx_hal_rcc.o
                                0x659 (size before relaxing)
 .debug_str     0x00002c28       0xbb build/stm32f3xx_hal_rcc_ex.o
                                0x515 (size before relaxing)
 .debug_str     0x00002ce3      0xedb build/stm32f3xx_hal_tim.o
                               0x16a2 (size before relaxing)
 .debug_str     0x00003bbe      0x734 build/stm32f3xx_hal_uart.o
                                0xeb4 (size before relaxing)
 .debug_str     0x000042f2      0x19b build/stm32f3xx_hal_uart_ex.o
                                0x88c (size before relaxing)
 .debug_str     0x0000448d       0x24 build/startup_stm32f303xc.o
                                 0x41 (size before relaxing)

.comment        0x00000000       0x49
 .comment       0x00000000       0x49 build/adc.o
                                 0x4a (size before relaxing)
 .comment       0x00000049       0x4a build/dma.o
 .comment       0x00000049       0x4a build/gpio.o
 .comment       0x00000049       0x4a build/main.o
 .comment       0x00000049       0x4a build/stm32f3xx_hal_msp.o
 .comment       0x00000049       0x4a build/stm32f3xx_it.o
 .comment       0x00000049       0x4a build/system_stm32f3xx.o
 .comment       0x00000049       0x4a build/tim.o
 .comment       0x00000049       0x4a build/usart.o
 .comment       0x00000049       0x4a build/stm32f3xx_hal.o
 .comment       0x00000049       0x4a build/stm32f3xx_hal_adc.o
 .comment       0x00000049       0x4a build/stm32f3xx_hal_adc_ex.o
 .comment       0x00000049       0x4a build/stm32f3xx_hal_cortex.o
 .comment       0x00000049       0x4a build/stm32f3xx_hal_dma.o
 .comment       0x00000049       0x4a build/stm32f3xx_hal_gpio.o
 .comment       0x00000049       0x4a build/stm32f3xx_hal_rcc.o
 .comment       0x00000049       0x4a build/stm32f3xx_hal_rcc_ex.o
 .comment       0x00000049       0x4a build/stm32f3xx_hal_tim.o
 .comment       0x00000049       0x4a build/stm32f3xx_hal_uart.o
 .comment       0x00000049       0x4a build/stm32f3xx_hal_uart_ex.o

.debug_frame    0x00000000     0x28d0
 .debug_frame   0x00000000       0x6c build/adc.o
 .debug_frame   0x0000006c       0x2c build/dma.o
 .debug_frame   0x00000098       0x30 build/gpio.o
 .debug_frame   0x000000c8       0xb0 build/main.o
 .debug_frame   0x00000178       0x2c build/stm32f3xx_hal_msp.o
 .debug_frame   0x000001a4      0x108 build/stm32f3xx_it.o
 .debug_frame   0x000002ac       0x30 build/system_stm32f3xx.o
 .debug_frame   0x000002dc       0x50 build/tim.o
 .debug_frame   0x0000032c       0x60 build/usart.o
 .debug_frame   0x0000038c      0x1cc build/stm32f3xx_hal.o
 .debug_frame   0x00000558      0x170 build/stm32f3xx_hal_adc.o
 .debug_frame   0x000006c8      0x4d0 build/stm32f3xx_hal_adc_ex.o
 .debug_frame   0x00000b98      0x148 build/stm32f3xx_hal_cortex.o
 .debug_frame   0x00000ce0      0x160 build/stm32f3xx_hal_dma.o
 .debug_frame   0x00000e40       0xd0 build/stm32f3xx_hal_gpio.o
 .debug_frame   0x00000f10      0x16c build/stm32f3xx_hal_rcc.o
 .debug_frame   0x0000107c       0x7c build/stm32f3xx_hal_rcc_ex.o
 .debug_frame   0x000010f8      0xb50 build/stm32f3xx_hal_tim.o
 .debug_frame   0x00001c48      0x600 build/stm32f3xx_hal_uart.o
 .debug_frame   0x00002248      0x128 build/stm32f3xx_hal_uart_ex.o
 .debug_frame   0x00002370       0x2c c:/dev/dev_tools/gcc-arm-none-eabi-10.3-2021.10/bin/../lib/gcc/arm-none-eabi/10.3.1/../../../../arm-none-eabi/lib/thumb/v7e-m+fp/hard\libc_nano.a(lib_a-init.o)
 .debug_frame   0x0000239c       0x28 c:/dev/dev_tools/gcc-arm-none-eabi-10.3-2021.10/bin/../lib/gcc/arm-none-eabi/10.3.1/../../../../arm-none-eabi/lib/thumb/v7e-m+fp/hard\libc_nano.a(lib_a-memcpy-stub.o)
 .debug_frame   0x000023c4       0x20 c:/dev/dev_tools/gcc-arm-none-eabi-10.3-2021.10/bin/../lib/gcc/arm-none-eabi/10.3.1/../../../../arm-none-eabi/lib/thumb/v7e-m+fp/hard\libc_nano.a(lib_a-memset.o)
 .debug_frame   0x000023e4       0x6c c:/dev/dev_tools/gcc-arm-none-eabi-10.3-2021.10/bin/../lib/gcc/arm-none-eabi/10.3.1/../../../../arm-none-eabi/lib/thumb/v7e-m+fp/hard\libc_nano.a(lib_a-sprintf.o)
 .debug_frame   0x00002450       0x90 c:/dev/dev_tools/gcc-arm-none-eabi-10.3-2021.10/bin/../lib/gcc/arm-none-eabi/10.3.1/../../../../arm-none-eabi/lib/thumb/v7e-m+fp/hard\libc_nano.a(lib_a-nano-svfprintf.o)
 .debug_frame   0x000024e0       0x60 c:/dev/dev_tools/gcc-arm-none-eabi-10.3-2021.10/bin/../lib/gcc/arm-none-eabi/10.3.1/../../../../arm-none-eabi/lib/thumb/v7e-m+fp/hard\libc_nano.a(lib_a-nano-vfprintf_i.o)
 .debug_frame   0x00002540       0x28 c:/dev/dev_tools/gcc-arm-none-eabi-10.3-2021.10/bin/../lib/gcc/arm-none-eabi/10.3.1/../../../../arm-none-eabi/lib/thumb/v7e-m+fp/hard\libc_nano.a(lib_a-memmove.o)
 .debug_frame   0x00002568       0x38 c:/dev/dev_tools/gcc-arm-none-eabi-10.3-2021.10/bin/../lib/gcc/arm-none-eabi/10.3.1/../../../../arm-none-eabi/lib/thumb/v7e-m+fp/hard\libc_nano.a(lib_a-nano-freer.o)
 .debug_frame   0x000025a0       0x4c c:/dev/dev_tools/gcc-arm-none-eabi-10.3-2021.10/bin/../lib/gcc/arm-none-eabi/10.3.1/../../../../arm-none-eabi/lib/thumb/v7e-m+fp/hard\libc_nano.a(lib_a-nano-mallocr.o)
 .debug_frame   0x000025ec       0x3c c:/dev/dev_tools/gcc-arm-none-eabi-10.3-2021.10/bin/../lib/gcc/arm-none-eabi/10.3.1/../../../../arm-none-eabi/lib/thumb/v7e-m+fp/hard\libc_nano.a(lib_a-nano-reallocr.o)
 .debug_frame   0x00002628       0x2c c:/dev/dev_tools/gcc-arm-none-eabi-10.3-2021.10/bin/../lib/gcc/arm-none-eabi/10.3.1/../../../../arm-none-eabi/lib/thumb/v7e-m+fp/hard\libc_nano.a(lib_a-sbrkr.o)
 .debug_frame   0x00002654       0x30 c:/dev/dev_tools/gcc-arm-none-eabi-10.3-2021.10/bin/../lib/gcc/arm-none-eabi/10.3.1/../../../../arm-none-eabi/lib/thumb/v7e-m+fp/hard\libc_nano.a(lib_a-mlock.o)
 .debug_frame   0x00002684       0x20 c:/dev/dev_tools/gcc-arm-none-eabi-10.3-2021.10/bin/../lib/gcc/arm-none-eabi/10.3.1/../../../../arm-none-eabi/lib/thumb/v7e-m+fp/hard\libc_nano.a(lib_a-nano-msizer.o)
 .debug_frame   0x000026a4       0x5c c:/dev/dev_tools/gcc-arm-none-eabi-10.3-2021.10/bin/../lib/gcc/arm-none-eabi/10.3.1/../../../../arm-none-eabi/lib/thumb/v7e-m+fp/hard\libc_nano.a(lib_a-reent.o)
 .debug_frame   0x00002700       0xb0 c:/dev/dev_tools/gcc-arm-none-eabi-10.3-2021.10/bin/../lib/gcc/arm-none-eabi/10.3.1/../../../../arm-none-eabi/lib/thumb/v7e-m+fp/hard\libc_nano.a(lib_a-lock.o)
 .debug_frame   0x000027b0       0x20 c:/dev/dev_tools/gcc-arm-none-eabi-10.3-2021.10/bin/../lib/gcc/arm-none-eabi/10.3.1/../../../../arm-none-eabi/lib/thumb/v7e-m+fp/hard\libnosys.a(sbrk.o)
 .debug_frame   0x000027d0       0x30 c:/dev/dev_tools/gcc-arm-none-eabi-10.3-2021.10/bin/../lib/gcc/arm-none-eabi/10.3.1/thumb/v7e-m+fp/hard\libgcc.a(_arm_muldf3.o)
 .debug_frame   0x00002800       0xac c:/dev/dev_tools/gcc-arm-none-eabi-10.3-2021.10/bin/../lib/gcc/arm-none-eabi/10.3.1/thumb/v7e-m+fp/hard\libgcc.a(_arm_addsubdf3.o)
 .debug_frame   0x000028ac       0x24 c:/dev/dev_tools/gcc-arm-none-eabi-10.3-2021.10/bin/../lib/gcc/arm-none-eabi/10.3.1/thumb/v7e-m+fp/hard\libgcc.a(_arm_fixunsdfsi.o)

Cross Reference Table

Symbol                                            File
ADC1_2_IRQHandler                                 build/startup_stm32f303xc.o
ADC3_IRQHandler                                   build/startup_stm32f303xc.o
ADC4_IRQHandler                                   build/startup_stm32f303xc.o
AHBPrescTable                                     build/system_stm32f3xx.o
                                                  build/stm32f3xx_hal_rcc.o
APBPrescTable                                     build/system_stm32f3xx.o
                                                  build/stm32f3xx_hal_rcc.o
BusFault_Handler                                  build/stm32f3xx_it.o
CAN_RX1_IRQHandler                                build/startup_stm32f303xc.o
CAN_SCE_IRQHandler                                build/startup_stm32f303xc.o
COMP1_2_3_IRQHandler                              build/startup_stm32f303xc.o
COMP4_5_6_IRQHandler                              build/startup_stm32f303xc.o
COMP7_IRQHandler                                  build/startup_stm32f303xc.o
DMA1_Channel1_IRQHandler                          build/stm32f3xx_it.o
DMA1_Channel2_IRQHandler                          build/startup_stm32f303xc.o
DMA1_Channel3_IRQHandler                          build/startup_stm32f303xc.o
DMA1_Channel4_IRQHandler                          build/startup_stm32f303xc.o
DMA1_Channel5_IRQHandler                          build/startup_stm32f303xc.o
DMA1_Channel6_IRQHandler                          build/startup_stm32f303xc.o
DMA1_Channel7_IRQHandler                          build/startup_stm32f303xc.o
DMA2_Channel1_IRQHandler                          build/startup_stm32f303xc.o
DMA2_Channel2_IRQHandler                          build/startup_stm32f303xc.o
DMA2_Channel3_IRQHandler                          build/stm32f3xx_it.o
DMA2_Channel4_IRQHandler                          build/startup_stm32f303xc.o
DMA2_Channel5_IRQHandler                          build/stm32f3xx_it.o
DebugMon_Handler                                  build/stm32f3xx_it.o
Default_Handler                                   build/startup_stm32f303xc.o
EXTI0_IRQHandler                                  build/startup_stm32f303xc.o
EXTI15_10_IRQHandler                              build/startup_stm32f303xc.o
EXTI1_IRQHandler                                  build/startup_stm32f303xc.o
EXTI2_TSC_IRQHandler                              build/startup_stm32f303xc.o
EXTI3_IRQHandler                                  build/startup_stm32f303xc.o
EXTI4_IRQHandler                                  build/startup_stm32f303xc.o
EXTI9_5_IRQHandler                                build/startup_stm32f303xc.o
Error_Handler                                     build/main.o
                                                  build/usart.o
                                                  build/tim.o
                                                  build/adc.o
FLASH_IRQHandler                                  build/startup_stm32f303xc.o
FLASH_PageErase                                   build/stm32f3xx_hal_flash_ex.o
                                                  build/stm32f3xx_hal_flash.o
FLASH_WaitForLastOperation                        build/stm32f3xx_hal_flash.o
                                                  build/stm32f3xx_hal_flash_ex.o
FPU_IRQHandler                                    build/startup_stm32f303xc.o
HAL_ADCEx_Calibration_GetValue                    build/stm32f3xx_hal_adc_ex.o
HAL_ADCEx_Calibration_SetValue                    build/stm32f3xx_hal_adc_ex.o
HAL_ADCEx_Calibration_Start                       build/stm32f3xx_hal_adc_ex.o
                                                  build/main.o
HAL_ADCEx_InjectedConfigChannel                   build/stm32f3xx_hal_adc_ex.o
HAL_ADCEx_InjectedConvCpltCallback                build/stm32f3xx_hal_adc_ex.o
HAL_ADCEx_InjectedGetValue                        build/stm32f3xx_hal_adc_ex.o
HAL_ADCEx_InjectedPollForConversion               build/stm32f3xx_hal_adc_ex.o
HAL_ADCEx_InjectedQueueOverflowCallback           build/stm32f3xx_hal_adc_ex.o
HAL_ADCEx_InjectedStart                           build/stm32f3xx_hal_adc_ex.o
HAL_ADCEx_InjectedStart_IT                        build/stm32f3xx_hal_adc_ex.o
HAL_ADCEx_InjectedStop                            build/stm32f3xx_hal_adc_ex.o
HAL_ADCEx_InjectedStop_IT                         build/stm32f3xx_hal_adc_ex.o
HAL_ADCEx_LevelOutOfWindow2Callback               build/stm32f3xx_hal_adc_ex.o
HAL_ADCEx_LevelOutOfWindow3Callback               build/stm32f3xx_hal_adc_ex.o
HAL_ADCEx_MultiModeConfigChannel                  build/stm32f3xx_hal_adc_ex.o
                                                  build/adc.o
HAL_ADCEx_MultiModeGetValue                       build/stm32f3xx_hal_adc_ex.o
HAL_ADCEx_MultiModeStart_DMA                      build/stm32f3xx_hal_adc_ex.o
HAL_ADCEx_MultiModeStop_DMA                       build/stm32f3xx_hal_adc_ex.o
HAL_ADCEx_RegularMultiModeStop_DMA                build/stm32f3xx_hal_adc_ex.o
HAL_ADCEx_RegularStop                             build/stm32f3xx_hal_adc_ex.o
HAL_ADCEx_RegularStop_DMA                         build/stm32f3xx_hal_adc_ex.o
HAL_ADCEx_RegularStop_IT                          build/stm32f3xx_hal_adc_ex.o
HAL_ADC_AnalogWDGConfig                           build/stm32f3xx_hal_adc_ex.o
                                                  build/stm32f3xx_hal_adc.o
HAL_ADC_ConfigChannel                             build/stm32f3xx_hal_adc_ex.o
                                                  build/stm32f3xx_hal_adc.o
                                                  build/adc.o
HAL_ADC_ConvCpltCallback                          build/main.o
                                                  build/stm32f3xx_hal_adc_ex.o
HAL_ADC_ConvHalfCpltCallback                      build/stm32f3xx_hal_adc.o
                                                  build/stm32f3xx_hal_adc_ex.o
HAL_ADC_DeInit                                    build/stm32f3xx_hal_adc_ex.o
                                                  build/stm32f3xx_hal_adc.o
HAL_ADC_ErrorCallback                             build/stm32f3xx_hal_adc.o
                                                  build/stm32f3xx_hal_adc_ex.o
HAL_ADC_GetError                                  build/stm32f3xx_hal_adc.o
HAL_ADC_GetState                                  build/stm32f3xx_hal_adc.o
HAL_ADC_GetValue                                  build/stm32f3xx_hal_adc_ex.o
                                                  build/stm32f3xx_hal_adc.o
HAL_ADC_IRQHandler                                build/stm32f3xx_hal_adc_ex.o
                                                  build/stm32f3xx_hal_adc.o
HAL_ADC_Init                                      build/stm32f3xx_hal_adc_ex.o
                                                  build/stm32f3xx_hal_adc.o
                                                  build/adc.o
HAL_ADC_LevelOutOfWindowCallback                  build/stm32f3xx_hal_adc.o
                                                  build/stm32f3xx_hal_adc_ex.o
HAL_ADC_MspDeInit                                 build/adc.o
                                                  build/stm32f3xx_hal_adc_ex.o
HAL_ADC_MspInit                                   build/adc.o
                                                  build/stm32f3xx_hal_adc_ex.o
HAL_ADC_PollForConversion                         build/stm32f3xx_hal_adc_ex.o
                                                  build/stm32f3xx_hal_adc.o
HAL_ADC_PollForEvent                              build/stm32f3xx_hal_adc_ex.o
                                                  build/stm32f3xx_hal_adc.o
HAL_ADC_Start                                     build/stm32f3xx_hal_adc_ex.o
                                                  build/stm32f3xx_hal_adc.o
                                                  build/main.o
HAL_ADC_Start_DMA                                 build/stm32f3xx_hal_adc_ex.o
                                                  build/stm32f3xx_hal_adc.o
                                                  build/main.o
HAL_ADC_Start_IT                                  build/stm32f3xx_hal_adc_ex.o
                                                  build/stm32f3xx_hal_adc.o
HAL_ADC_Stop                                      build/stm32f3xx_hal_adc_ex.o
                                                  build/stm32f3xx_hal_adc.o
HAL_ADC_Stop_DMA                                  build/stm32f3xx_hal_adc_ex.o
                                                  build/stm32f3xx_hal_adc.o
HAL_ADC_Stop_IT                                   build/stm32f3xx_hal_adc_ex.o
                                                  build/stm32f3xx_hal_adc.o
HAL_DBGMCU_DisableDBGSleepMode                    build/stm32f3xx_hal.o
HAL_DBGMCU_DisableDBGStandbyMode                  build/stm32f3xx_hal.o
HAL_DBGMCU_DisableDBGStopMode                     build/stm32f3xx_hal.o
HAL_DBGMCU_EnableDBGSleepMode                     build/stm32f3xx_hal.o
HAL_DBGMCU_EnableDBGStandbyMode                   build/stm32f3xx_hal.o
HAL_DBGMCU_EnableDBGStopMode                      build/stm32f3xx_hal.o
HAL_DMA_Abort                                     build/stm32f3xx_hal_dma.o
                                                  build/stm32f3xx_hal_uart.o
                                                  build/stm32f3xx_hal_adc_ex.o
HAL_DMA_Abort_IT                                  build/stm32f3xx_hal_dma.o
                                                  build/stm32f3xx_hal_uart.o
                                                  build/stm32f3xx_hal_tim_ex.o
                                                  build/stm32f3xx_hal_tim.o
                                                  build/stm32f3xx_hal_i2c.o
HAL_DMA_DeInit                                    build/stm32f3xx_hal_dma.o
                                                  build/usart.o
                                                  build/adc.o
HAL_DMA_GetError                                  build/stm32f3xx_hal_dma.o
                                                  build/stm32f3xx_hal_uart.o
HAL_DMA_GetState                                  build/stm32f3xx_hal_dma.o
                                                  build/stm32f3xx_hal_i2c.o
HAL_DMA_IRQHandler                                build/stm32f3xx_hal_dma.o
                                                  build/stm32f3xx_it.o
HAL_DMA_Init                                      build/stm32f3xx_hal_dma.o
                                                  build/usart.o
                                                  build/adc.o
HAL_DMA_PollForTransfer                           build/stm32f3xx_hal_dma.o
HAL_DMA_RegisterCallback                          build/stm32f3xx_hal_dma.o
HAL_DMA_Start                                     build/stm32f3xx_hal_dma.o
HAL_DMA_Start_IT                                  build/stm32f3xx_hal_dma.o
                                                  build/stm32f3xx_hal_uart.o
                                                  build/stm32f3xx_hal_tim_ex.o
                                                  build/stm32f3xx_hal_tim.o
                                                  build/stm32f3xx_hal_i2c.o
                                                  build/stm32f3xx_hal_adc_ex.o
HAL_DMA_UnRegisterCallback                        build/stm32f3xx_hal_dma.o
HAL_DeInit                                        build/stm32f3xx_hal.o
HAL_Delay                                         build/stm32f3xx_hal.o
HAL_EXTI_ClearConfigLine                          build/stm32f3xx_hal_exti.o
HAL_EXTI_ClearPending                             build/stm32f3xx_hal_exti.o
HAL_EXTI_GenerateSWI                              build/stm32f3xx_hal_exti.o
HAL_EXTI_GetConfigLine                            build/stm32f3xx_hal_exti.o
HAL_EXTI_GetHandle                                build/stm32f3xx_hal_exti.o
HAL_EXTI_GetPending                               build/stm32f3xx_hal_exti.o
HAL_EXTI_IRQHandler                               build/stm32f3xx_hal_exti.o
HAL_EXTI_RegisterCallback                         build/stm32f3xx_hal_exti.o
HAL_EXTI_SetConfigLine                            build/stm32f3xx_hal_exti.o
HAL_FLASHEx_Erase                                 build/stm32f3xx_hal_flash_ex.o
HAL_FLASHEx_Erase_IT                              build/stm32f3xx_hal_flash_ex.o
HAL_FLASHEx_OBErase                               build/stm32f3xx_hal_flash_ex.o
HAL_FLASHEx_OBGetConfig                           build/stm32f3xx_hal_flash_ex.o
HAL_FLASHEx_OBGetUserData                         build/stm32f3xx_hal_flash_ex.o
HAL_FLASHEx_OBProgram                             build/stm32f3xx_hal_flash_ex.o
HAL_FLASH_EndOfOperationCallback                  build/stm32f3xx_hal_flash.o
HAL_FLASH_GetError                                build/stm32f3xx_hal_flash.o
HAL_FLASH_IRQHandler                              build/stm32f3xx_hal_flash.o
HAL_FLASH_Lock                                    build/stm32f3xx_hal_flash.o
HAL_FLASH_OB_Launch                               build/stm32f3xx_hal_flash.o
HAL_FLASH_OB_Lock                                 build/stm32f3xx_hal_flash.o
HAL_FLASH_OB_Unlock                               build/stm32f3xx_hal_flash.o
HAL_FLASH_OperationErrorCallback                  build/stm32f3xx_hal_flash.o
HAL_FLASH_Program                                 build/stm32f3xx_hal_flash.o
HAL_FLASH_Program_IT                              build/stm32f3xx_hal_flash.o
HAL_FLASH_Unlock                                  build/stm32f3xx_hal_flash.o
HAL_GPIO_DeInit                                   build/stm32f3xx_hal_gpio.o
                                                  build/usart.o
                                                  build/adc.o
HAL_GPIO_EXTI_Callback                            build/stm32f3xx_hal_gpio.o
HAL_GPIO_EXTI_IRQHandler                          build/stm32f3xx_hal_gpio.o
HAL_GPIO_Init                                     build/stm32f3xx_hal_gpio.o
                                                  build/stm32f3xx_hal_rcc.o
                                                  build/usart.o
                                                  build/gpio.o
                                                  build/adc.o
HAL_GPIO_LockPin                                  build/stm32f3xx_hal_gpio.o
HAL_GPIO_ReadPin                                  build/stm32f3xx_hal_gpio.o
HAL_GPIO_TogglePin                                build/stm32f3xx_hal_gpio.o
HAL_GPIO_WritePin                                 build/stm32f3xx_hal_gpio.o
                                                  build/gpio.o
HAL_GetDEVID                                      build/stm32f3xx_hal.o
HAL_GetHalVersion                                 build/stm32f3xx_hal.o
HAL_GetREVID                                      build/stm32f3xx_hal.o
HAL_GetTick                                       build/stm32f3xx_hal.o
                                                  build/stm32f3xx_hal_uart_ex.o
                                                  build/stm32f3xx_hal_uart.o
                                                  build/stm32f3xx_hal_rcc_ex.o
                                                  build/stm32f3xx_hal_rcc.o
                                                  build/stm32f3xx_hal_i2c.o
                                                  build/stm32f3xx_hal_flash.o
                                                  build/stm32f3xx_hal_dma.o
                                                  build/stm32f3xx_hal_adc_ex.o
HAL_GetTickFreq                                   build/stm32f3xx_hal.o
HAL_GetTickPrio                                   build/stm32f3xx_hal.o
HAL_GetUIDw0                                      build/stm32f3xx_hal.o
HAL_GetUIDw1                                      build/stm32f3xx_hal.o
HAL_GetUIDw2                                      build/stm32f3xx_hal.o
HAL_HalfDuplex_EnableReceiver                     build/stm32f3xx_hal_uart.o
HAL_HalfDuplex_EnableTransmitter                  build/stm32f3xx_hal_uart.o
HAL_HalfDuplex_Init                               build/stm32f3xx_hal_uart.o
HAL_I2CEx_ConfigAnalogFilter                      build/stm32f3xx_hal_i2c_ex.o
HAL_I2CEx_ConfigDigitalFilter                     build/stm32f3xx_hal_i2c_ex.o
HAL_I2CEx_DisableFastModePlus                     build/stm32f3xx_hal_i2c_ex.o
HAL_I2CEx_DisableWakeUp                           build/stm32f3xx_hal_i2c_ex.o
HAL_I2CEx_EnableFastModePlus                      build/stm32f3xx_hal_i2c_ex.o
HAL_I2CEx_EnableWakeUp                            build/stm32f3xx_hal_i2c_ex.o
HAL_I2C_AbortCpltCallback                         build/stm32f3xx_hal_i2c.o
HAL_I2C_AddrCallback                              build/stm32f3xx_hal_i2c.o
HAL_I2C_DeInit                                    build/stm32f3xx_hal_i2c.o
HAL_I2C_DisableListen_IT                          build/stm32f3xx_hal_i2c.o
HAL_I2C_ER_IRQHandler                             build/stm32f3xx_hal_i2c.o
HAL_I2C_EV_IRQHandler                             build/stm32f3xx_hal_i2c.o
HAL_I2C_EnableListen_IT                           build/stm32f3xx_hal_i2c.o
HAL_I2C_ErrorCallback                             build/stm32f3xx_hal_i2c.o
HAL_I2C_GetError                                  build/stm32f3xx_hal_i2c.o
HAL_I2C_GetMode                                   build/stm32f3xx_hal_i2c.o
HAL_I2C_GetState                                  build/stm32f3xx_hal_i2c.o
HAL_I2C_Init                                      build/stm32f3xx_hal_i2c.o
HAL_I2C_IsDeviceReady                             build/stm32f3xx_hal_i2c.o
HAL_I2C_ListenCpltCallback                        build/stm32f3xx_hal_i2c.o
HAL_I2C_MasterRxCpltCallback                      build/stm32f3xx_hal_i2c.o
HAL_I2C_MasterTxCpltCallback                      build/stm32f3xx_hal_i2c.o
HAL_I2C_Master_Abort_IT                           build/stm32f3xx_hal_i2c.o
HAL_I2C_Master_Receive                            build/stm32f3xx_hal_i2c.o
HAL_I2C_Master_Receive_DMA                        build/stm32f3xx_hal_i2c.o
HAL_I2C_Master_Receive_IT                         build/stm32f3xx_hal_i2c.o
HAL_I2C_Master_Seq_Receive_DMA                    build/stm32f3xx_hal_i2c.o
HAL_I2C_Master_Seq_Receive_IT                     build/stm32f3xx_hal_i2c.o
HAL_I2C_Master_Seq_Transmit_DMA                   build/stm32f3xx_hal_i2c.o
HAL_I2C_Master_Seq_Transmit_IT                    build/stm32f3xx_hal_i2c.o
HAL_I2C_Master_Transmit                           build/stm32f3xx_hal_i2c.o
HAL_I2C_Master_Transmit_DMA                       build/stm32f3xx_hal_i2c.o
HAL_I2C_Master_Transmit_IT                        build/stm32f3xx_hal_i2c.o
HAL_I2C_MemRxCpltCallback                         build/stm32f3xx_hal_i2c.o
HAL_I2C_MemTxCpltCallback                         build/stm32f3xx_hal_i2c.o
HAL_I2C_Mem_Read                                  build/stm32f3xx_hal_i2c.o
HAL_I2C_Mem_Read_DMA                              build/stm32f3xx_hal_i2c.o
HAL_I2C_Mem_Read_IT                               build/stm32f3xx_hal_i2c.o
HAL_I2C_Mem_Write                                 build/stm32f3xx_hal_i2c.o
HAL_I2C_Mem_Write_DMA                             build/stm32f3xx_hal_i2c.o
HAL_I2C_Mem_Write_IT                              build/stm32f3xx_hal_i2c.o
HAL_I2C_MspDeInit                                 build/stm32f3xx_hal_i2c.o
HAL_I2C_MspInit                                   build/stm32f3xx_hal_i2c.o
HAL_I2C_SlaveRxCpltCallback                       build/stm32f3xx_hal_i2c.o
HAL_I2C_SlaveTxCpltCallback                       build/stm32f3xx_hal_i2c.o
HAL_I2C_Slave_Receive                             build/stm32f3xx_hal_i2c.o
HAL_I2C_Slave_Receive_DMA                         build/stm32f3xx_hal_i2c.o
HAL_I2C_Slave_Receive_IT                          build/stm32f3xx_hal_i2c.o
HAL_I2C_Slave_Seq_Receive_DMA                     build/stm32f3xx_hal_i2c.o
HAL_I2C_Slave_Seq_Receive_IT                      build/stm32f3xx_hal_i2c.o
HAL_I2C_Slave_Seq_Transmit_DMA                    build/stm32f3xx_hal_i2c.o
HAL_I2C_Slave_Seq_Transmit_IT                     build/stm32f3xx_hal_i2c.o
HAL_I2C_Slave_Transmit                            build/stm32f3xx_hal_i2c.o
HAL_I2C_Slave_Transmit_DMA                        build/stm32f3xx_hal_i2c.o
HAL_I2C_Slave_Transmit_IT                         build/stm32f3xx_hal_i2c.o
HAL_IncTick                                       build/stm32f3xx_hal.o
                                                  build/stm32f3xx_it.o
HAL_Init                                          build/stm32f3xx_hal.o
                                                  build/main.o
HAL_InitTick                                      build/stm32f3xx_hal.o
                                                  build/stm32f3xx_hal_rcc.o
HAL_LIN_Init                                      build/stm32f3xx_hal_uart.o
HAL_LIN_SendBreak                                 build/stm32f3xx_hal_uart.o
HAL_MPU_ConfigRegion                              build/stm32f3xx_hal_cortex.o
HAL_MPU_Disable                                   build/stm32f3xx_hal_cortex.o
HAL_MPU_Enable                                    build/stm32f3xx_hal_cortex.o
HAL_MspDeInit                                     build/stm32f3xx_hal.o
HAL_MspInit                                       build/stm32f3xx_hal_msp.o
HAL_MultiProcessorEx_AddressLength_Set            build/stm32f3xx_hal_uart_ex.o
HAL_MultiProcessor_DisableMuteMode                build/stm32f3xx_hal_uart.o
HAL_MultiProcessor_EnableMuteMode                 build/stm32f3xx_hal_uart.o
HAL_MultiProcessor_EnterMuteMode                  build/stm32f3xx_hal_uart.o
HAL_MultiProcessor_Init                           build/stm32f3xx_hal_uart.o
HAL_NVIC_ClearPendingIRQ                          build/stm32f3xx_hal_cortex.o
HAL_NVIC_DisableIRQ                               build/stm32f3xx_hal_cortex.o
                                                  build/usart.o
HAL_NVIC_EnableIRQ                                build/stm32f3xx_hal_cortex.o
                                                  build/usart.o
                                                  build/dma.o
HAL_NVIC_GetActive                                build/stm32f3xx_hal_cortex.o
HAL_NVIC_GetPendingIRQ                            build/stm32f3xx_hal_cortex.o
HAL_NVIC_GetPriority                              build/stm32f3xx_hal_cortex.o
HAL_NVIC_GetPriorityGrouping                      build/stm32f3xx_hal_cortex.o
HAL_NVIC_SetPendingIRQ                            build/stm32f3xx_hal_cortex.o
HAL_NVIC_SetPriority                              build/stm32f3xx_hal_cortex.o
                                                  build/stm32f3xx_hal.o
                                                  build/usart.o
                                                  build/dma.o
HAL_NVIC_SetPriorityGrouping                      build/stm32f3xx_hal_cortex.o
                                                  build/stm32f3xx_hal.o
                                                  build/stm32f3xx_hal_msp.o
HAL_NVIC_SystemReset                              build/stm32f3xx_hal_cortex.o
HAL_PWR_ConfigPVD                                 build/stm32f3xx_hal_pwr_ex.o
HAL_PWR_DeInit                                    build/stm32f3xx_hal_pwr.o
HAL_PWR_DisableBkUpAccess                         build/stm32f3xx_hal_pwr.o
HAL_PWR_DisablePVD                                build/stm32f3xx_hal_pwr_ex.o
HAL_PWR_DisableSEVOnPend                          build/stm32f3xx_hal_pwr.o
HAL_PWR_DisableSleepOnExit                        build/stm32f3xx_hal_pwr.o
HAL_PWR_DisableWakeUpPin                          build/stm32f3xx_hal_pwr.o
HAL_PWR_EnableBkUpAccess                          build/stm32f3xx_hal_pwr.o
HAL_PWR_EnablePVD                                 build/stm32f3xx_hal_pwr_ex.o
HAL_PWR_EnableSEVOnPend                           build/stm32f3xx_hal_pwr.o
HAL_PWR_EnableSleepOnExit                         build/stm32f3xx_hal_pwr.o
HAL_PWR_EnableWakeUpPin                           build/stm32f3xx_hal_pwr.o
HAL_PWR_EnterSLEEPMode                            build/stm32f3xx_hal_pwr.o
HAL_PWR_EnterSTANDBYMode                          build/stm32f3xx_hal_pwr.o
HAL_PWR_EnterSTOPMode                             build/stm32f3xx_hal_pwr.o
HAL_PWR_PVDCallback                               build/stm32f3xx_hal_pwr_ex.o
HAL_PWR_PVD_IRQHandler                            build/stm32f3xx_hal_pwr_ex.o
HAL_RCCEx_GetPeriphCLKConfig                      build/stm32f3xx_hal_rcc_ex.o
HAL_RCCEx_GetPeriphCLKFreq                        build/stm32f3xx_hal_rcc_ex.o
HAL_RCCEx_PeriphCLKConfig                         build/stm32f3xx_hal_rcc_ex.o
                                                  build/main.o
HAL_RCC_CSSCallback                               build/stm32f3xx_hal_rcc.o
HAL_RCC_ClockConfig                               build/stm32f3xx_hal_rcc.o
                                                  build/main.o
HAL_RCC_DeInit                                    build/stm32f3xx_hal_rcc.o
HAL_RCC_DisableCSS                                build/stm32f3xx_hal_rcc.o
HAL_RCC_EnableCSS                                 build/stm32f3xx_hal_rcc.o
HAL_RCC_GetClockConfig                            build/stm32f3xx_hal_rcc.o
HAL_RCC_GetHCLKFreq                               build/stm32f3xx_hal_rcc.o
HAL_RCC_GetOscConfig                              build/stm32f3xx_hal_rcc.o
HAL_RCC_GetPCLK1Freq                              build/stm32f3xx_hal_rcc.o
                                                  build/stm32f3xx_hal_uart.o
                                                  build/stm32f3xx_hal_rcc_ex.o
HAL_RCC_GetPCLK2Freq                              build/stm32f3xx_hal_rcc.o
                                                  build/stm32f3xx_hal_uart.o
                                                  build/stm32f3xx_hal_rcc_ex.o
HAL_RCC_GetSysClockFreq                           build/stm32f3xx_hal_rcc.o
                                                  build/stm32f3xx_hal_uart.o
                                                  build/stm32f3xx_hal_rcc_ex.o
HAL_RCC_MCOConfig                                 build/stm32f3xx_hal_rcc.o
HAL_RCC_NMI_IRQHandler                            build/stm32f3xx_hal_rcc.o
HAL_RCC_OscConfig                                 build/stm32f3xx_hal_rcc.o
                                                  build/main.o
HAL_RS485Ex_Init                                  build/stm32f3xx_hal_uart_ex.o
HAL_ResumeTick                                    build/stm32f3xx_hal.o
HAL_SYSTICK_CLKSourceConfig                       build/stm32f3xx_hal_cortex.o
HAL_SYSTICK_Callback                              build/stm32f3xx_hal_cortex.o
HAL_SYSTICK_Config                                build/stm32f3xx_hal_cortex.o
                                                  build/stm32f3xx_hal.o
HAL_SYSTICK_IRQHandler                            build/stm32f3xx_hal_cortex.o
HAL_SetTickFreq                                   build/stm32f3xx_hal.o
HAL_SuspendTick                                   build/stm32f3xx_hal.o
HAL_TIMEx_Break2Callback                          build/stm32f3xx_hal_tim_ex.o
                                                  build/stm32f3xx_hal_tim.o
HAL_TIMEx_BreakCallback                           build/stm32f3xx_hal_tim_ex.o
                                                  build/stm32f3xx_hal_tim.o
HAL_TIMEx_CommutCallback                          build/stm32f3xx_hal_tim_ex.o
                                                  build/stm32f3xx_hal_tim.o
HAL_TIMEx_CommutHalfCpltCallback                  build/stm32f3xx_hal_tim_ex.o
HAL_TIMEx_ConfigBreakDeadTime                     build/stm32f3xx_hal_tim_ex.o
HAL_TIMEx_ConfigCommutEvent                       build/stm32f3xx_hal_tim_ex.o
HAL_TIMEx_ConfigCommutEvent_DMA                   build/stm32f3xx_hal_tim_ex.o
HAL_TIMEx_ConfigCommutEvent_IT                    build/stm32f3xx_hal_tim_ex.o
HAL_TIMEx_GetChannelNState                        build/stm32f3xx_hal_tim_ex.o
HAL_TIMEx_GroupChannel5                           build/stm32f3xx_hal_tim_ex.o
HAL_TIMEx_HallSensor_DeInit                       build/stm32f3xx_hal_tim_ex.o
HAL_TIMEx_HallSensor_GetState                     build/stm32f3xx_hal_tim_ex.o
HAL_TIMEx_HallSensor_Init                         build/stm32f3xx_hal_tim_ex.o
HAL_TIMEx_HallSensor_MspDeInit                    build/stm32f3xx_hal_tim_ex.o
HAL_TIMEx_HallSensor_MspInit                      build/stm32f3xx_hal_tim_ex.o
HAL_TIMEx_HallSensor_Start                        build/stm32f3xx_hal_tim_ex.o
HAL_TIMEx_HallSensor_Start_DMA                    build/stm32f3xx_hal_tim_ex.o
HAL_TIMEx_HallSensor_Start_IT                     build/stm32f3xx_hal_tim_ex.o
HAL_TIMEx_HallSensor_Stop                         build/stm32f3xx_hal_tim_ex.o
HAL_TIMEx_HallSensor_Stop_DMA                     build/stm32f3xx_hal_tim_ex.o
HAL_TIMEx_HallSensor_Stop_IT                      build/stm32f3xx_hal_tim_ex.o
HAL_TIMEx_MasterConfigSynchronization             build/stm32f3xx_hal_tim_ex.o
HAL_TIMEx_OCN_Start                               build/stm32f3xx_hal_tim_ex.o
HAL_TIMEx_OCN_Start_DMA                           build/stm32f3xx_hal_tim_ex.o
HAL_TIMEx_OCN_Start_IT                            build/stm32f3xx_hal_tim_ex.o
HAL_TIMEx_OCN_Stop                                build/stm32f3xx_hal_tim_ex.o
HAL_TIMEx_OCN_Stop_DMA                            build/stm32f3xx_hal_tim_ex.o
HAL_TIMEx_OCN_Stop_IT                             build/stm32f3xx_hal_tim_ex.o
HAL_TIMEx_OnePulseN_Start                         build/stm32f3xx_hal_tim_ex.o
HAL_TIMEx_OnePulseN_Start_IT                      build/stm32f3xx_hal_tim_ex.o
HAL_TIMEx_OnePulseN_Stop                          build/stm32f3xx_hal_tim_ex.o
HAL_TIMEx_OnePulseN_Stop_IT                       build/stm32f3xx_hal_tim_ex.o
HAL_TIMEx_PWMN_Start                              build/stm32f3xx_hal_tim_ex.o
HAL_TIMEx_PWMN_Start_DMA                          build/stm32f3xx_hal_tim_ex.o
HAL_TIMEx_PWMN_Start_IT                           build/stm32f3xx_hal_tim_ex.o
HAL_TIMEx_PWMN_Stop                               build/stm32f3xx_hal_tim_ex.o
HAL_TIMEx_PWMN_Stop_DMA                           build/stm32f3xx_hal_tim_ex.o
HAL_TIMEx_PWMN_Stop_IT                            build/stm32f3xx_hal_tim_ex.o
HAL_TIMEx_RemapConfig                             build/stm32f3xx_hal_tim_ex.o
HAL_TIM_Base_DeInit                               build/stm32f3xx_hal_tim.o
HAL_TIM_Base_GetState                             build/stm32f3xx_hal_tim.o
HAL_TIM_Base_Init                                 build/stm32f3xx_hal_tim.o
                                                  build/tim.o
HAL_TIM_Base_MspDeInit                            build/tim.o
HAL_TIM_Base_MspInit                              build/tim.o
HAL_TIM_Base_Start                                build/stm32f3xx_hal_tim.o
                                                  build/main.o
HAL_TIM_Base_Start_DMA                            build/stm32f3xx_hal_tim.o
HAL_TIM_Base_Start_IT                             build/stm32f3xx_hal_tim.o
HAL_TIM_Base_Stop                                 build/stm32f3xx_hal_tim.o
HAL_TIM_Base_Stop_DMA                             build/stm32f3xx_hal_tim.o
HAL_TIM_Base_Stop_IT                              build/stm32f3xx_hal_tim.o
HAL_TIM_ConfigClockSource                         build/stm32f3xx_hal_tim.o
HAL_TIM_ConfigOCrefClear                          build/stm32f3xx_hal_tim.o
HAL_TIM_ConfigTI1Input                            build/stm32f3xx_hal_tim.o
HAL_TIM_DMABurstState                             build/stm32f3xx_hal_tim.o
HAL_TIM_DMABurst_MultiReadStart                   build/stm32f3xx_hal_tim.o
HAL_TIM_DMABurst_MultiWriteStart                  build/stm32f3xx_hal_tim.o
HAL_TIM_DMABurst_ReadStart                        build/stm32f3xx_hal_tim.o
HAL_TIM_DMABurst_ReadStop                         build/stm32f3xx_hal_tim.o
HAL_TIM_DMABurst_WriteStart                       build/stm32f3xx_hal_tim.o
HAL_TIM_DMABurst_WriteStop                        build/stm32f3xx_hal_tim.o
HAL_TIM_Encoder_DeInit                            build/stm32f3xx_hal_tim.o
HAL_TIM_Encoder_GetState                          build/stm32f3xx_hal_tim.o
HAL_TIM_Encoder_Init                              build/stm32f3xx_hal_tim.o
HAL_TIM_Encoder_MspDeInit                         build/stm32f3xx_hal_tim.o
HAL_TIM_Encoder_MspInit                           build/stm32f3xx_hal_tim.o
HAL_TIM_Encoder_Start                             build/stm32f3xx_hal_tim.o
HAL_TIM_Encoder_Start_DMA                         build/stm32f3xx_hal_tim.o
HAL_TIM_Encoder_Start_IT                          build/stm32f3xx_hal_tim.o
HAL_TIM_Encoder_Stop                              build/stm32f3xx_hal_tim.o
HAL_TIM_Encoder_Stop_DMA                          build/stm32f3xx_hal_tim.o
HAL_TIM_Encoder_Stop_IT                           build/stm32f3xx_hal_tim.o
HAL_TIM_ErrorCallback                             build/stm32f3xx_hal_tim.o
                                                  build/stm32f3xx_hal_tim_ex.o
HAL_TIM_GenerateEvent                             build/stm32f3xx_hal_tim.o
HAL_TIM_GetActiveChannel                          build/stm32f3xx_hal_tim.o